    1C
    1UWP05 C3D6 affine patch deck validation                            
    1UUSER                                                              
    1UDATE              31.august.2026                                  
    1UTIME              17:13:57                                        
    1UHOST                                                              
    1UPGM               CalculiX                                        
    1UVERSION           Version 2.20                             
    1UCOMPILETIME       Sun Jul 31 18:08:37 CEST 2022                    
    1UDIR                                                               
    1UDBN                                                               
    1UMAT    1MAT                                                       
    2C                             6                                     1
 -1         1 0.00000E+00 0.00000E+00 0.00000E+00
 -1         2 1.00000E+00 0.00000E+00 0.00000E+00
 -1         3 0.00000E+00 1.00000E+00 0.00000E+00
 -1         4 0.00000E+00 0.00000E+00 1.00000E+00
 -1         5 1.00000E+00 0.00000E+00 1.00000E+00
 -1         6 0.00000E+00 1.00000E+00 1.00000E+00
 -3
    3C                             1                                     1
 -1         1    2    0    1
 -2         1         2         3         4         5         6
 -3
 9999
