PERF DEBUT 0.030000000000000027 0.24000000000000005 0.8799999989569187
MEM DEBUT 647.03515625 637.91015625 212.45579528808594 185.42586517333984
TEST LIRE_MAILLAGE -- FORMAT 'ASTER'
TEST LIRE_MAILLAGE -- UNITE 20
TEST LIRE_MAILLAGE -- INFO 1
TEST LIRE_MAILLAGE VERI_MAIL VERIF 'OUI'
TEST LIRE_MAILLAGE VERI_MAIL APLAT 0.001
PERF LIRE_MAILLAGE 0.0 0.010000000000000009 0.019999999552965164
MEM LIRE_MAILLAGE 647.03515625 638.6796875 212.45579528808594 185.42586517333984
TEST AFFE_MODELE -- MAILLAGE 
TEST AFFE_MODELE AFFE GROUP_MA 
TEST AFFE_MODELE AFFE PHENOMENE 'MECANIQUE'
TEST AFFE_MODELE AFFE MODELISATION '3D'
TEST AFFE_MODELE -- INFO 1
TEST AFFE_MODELE -- VERI_JACOBIEN 'OUI'
TEST AFFE_MODELE -- VERI_NORM_IFS 'OUI'
TEST AFFE_MODELE -- VERI_FORMULATION_IFS 'OUI'
TEST AFFE_MODELE -- VERI_PLAN 'OUI'
TEST AFFE_MODELE DISTRIBUTION METHODE 'SOUS_DOMAINE'
TEST AFFE_MODELE DISTRIBUTION PARTITIONNEUR 'METIS'
 TEST      &&CALCUL             VERI_JACOBIEN       MECA_PENTA6         AFFE_MODELE         
PERF AFFE_MODELE 0.010000000000000009 0.0 0.010000001639127731
MEM AFFE_MODELE 767.9765625 767.640625 212.45579528808594 200.962646484375
TEST DEFI_MATERIAU ELAS E 
TEST DEFI_MATERIAU ELAS NU 
TEST DEFI_MATERIAU ELAS K_DESSIC 0.0
TEST DEFI_MATERIAU ELAS B_ENDOGE 0.0
TEST DEFI_MATERIAU ELAS COEF_AMOR 1.0
TEST DEFI_MATERIAU -- INFO 1
PERF DEFI_MATERIAU 0.07000000000000006 0.0 0.07000000029802322
MEM DEFI_MATERIAU 768.203125 768.203125 212.45579528808594 200.962646484375
TEST AFFE_MATERIAU -- MAILLAGE 
TEST AFFE_MATERIAU AFFE GROUP_MA 
TEST AFFE_MATERIAU AFFE MATER 
TEST AFFE_MATERIAU -- INFO 1
PERF AFFE_MATERIAU 0.06000000000000005 0.0 0.05999999865889549
MEM AFFE_MATERIAU 768.203125 768.203125 212.45579528808594 200.962646484375
TEST AFFE_CHAR_MECA -- MODELE 
TEST AFFE_CHAR_MECA DDL_IMPO GROUP_NO 
TEST AFFE_CHAR_MECA DDL_IMPO DX 
TEST AFFE_CHAR_MECA DDL_IMPO DY 
TEST AFFE_CHAR_MECA DDL_IMPO DZ 
TEST AFFE_CHAR_MECA -- VERI_AFFE 'OUI'
TEST AFFE_CHAR_MECA -- VERI_NORM 'OUI'
TEST AFFE_CHAR_MECA -- SYNTAXE 'NON'
TEST AFFE_CHAR_MECA -- DOUBLE_LAGRANGE 'OUI'
TEST AFFE_CHAR_MECA -- INFO 1
PERF AFFE_CHAR_MECA 0.0 0.0 0.0
MEM AFFE_CHAR_MECA 768.203125 768.203125 212.45579528808594 200.962646484375
TEST AFFE_CHAR_MECA -- MODELE 
TEST AFFE_CHAR_MECA FORCE_NODALE GROUP_NO 
TEST AFFE_CHAR_MECA FORCE_NODALE FZ 
TEST AFFE_CHAR_MECA -- VERI_AFFE 'OUI'
TEST AFFE_CHAR_MECA -- VERI_NORM 'OUI'
TEST AFFE_CHAR_MECA -- SYNTAXE 'NON'
TEST AFFE_CHAR_MECA -- DOUBLE_LAGRANGE 'OUI'
TEST AFFE_CHAR_MECA -- INFO 1
PERF AFFE_CHAR_MECA 0.0 0.0 0.0
MEM AFFE_CHAR_MECA 768.203125 768.203125 212.45579528808594 200.962646484375
TEST MECA_STATIQUE -- MODELE 
TEST MECA_STATIQUE -- CHAM_MATER 
TEST MECA_STATIQUE EXCIT CHARGE 
TEST MECA_STATIQUE EXCIT TYPE_CHARGE 'FIXE_CSTE'
TEST MECA_STATIQUE EXCIT CHARGE 
TEST MECA_STATIQUE EXCIT TYPE_CHARGE 'FIXE_CSTE'
TEST MECA_STATIQUE -- OPTION 'SIEF_ELGA'
TEST MECA_STATIQUE -- INFO 1
TEST MECA_STATIQUE SOLVEUR METHODE 'MUMPS'
TEST MECA_STATIQUE SOLVEUR RENUM 'AUTO'
TEST MECA_STATIQUE SOLVEUR NPREC 8
TEST MECA_STATIQUE SOLVEUR ELIM_LAGR 'LAGR2'
TEST MECA_STATIQUE SOLVEUR STOP_SINGULIER 'OUI'
TEST MECA_STATIQUE SOLVEUR TYPE_RESOL 'AUTO'
TEST MECA_STATIQUE SOLVEUR ACCELERATION 'AUTO'
TEST MECA_STATIQUE SOLVEUR LOW_RANK_SEUIL 0.0
TEST MECA_STATIQUE SOLVEUR PRETRAITEMENTS 'AUTO'
TEST MECA_STATIQUE SOLVEUR POSTTRAITEMENTS 'AUTO'
TEST MECA_STATIQUE SOLVEUR PCENT_PIVOT 35
TEST MECA_STATIQUE SOLVEUR REDUCTION_MPI 0
TEST MECA_STATIQUE SOLVEUR NB_RHS 1
TEST MECA_STATIQUE SOLVEUR RESI_RELA 1e-06
TEST MECA_STATIQUE SOLVEUR GESTION_MEMOIRE 'AUTO'
TEST MECA_STATIQUE SOLVEUR MATR_DISTRIBUEE 'NON'
TEST MECA_STATIQUE -- INST 
 TEST      &&CALCUL             RIGI_MECA           MECA_PENTA6                             
 TEST      &&CALCUL             MECA_DDLM_R         DDEPL_R_DX                              
 TEST      &&CALCUL             MECA_DDLM_R         DDEPL_R_DY                              
 TEST      &&CALCUL             MECA_DDLM_R         DDEPL_R_DZ                              
 TEST      &&CALCUL             MECA_DDLI_R         DDEPL_R_DX                              
 TEST      &&CALCUL             MECA_DDLI_R         DDEPL_R_DY                              
 TEST      &&CALCUL             MECA_DDLI_R         DDEPL_R_DZ                              
 TEST      &&CALCUL             CHAR_MECA_FORC_R    FORCE_NOD_3DDL                          
 TEST      &&CALCUL             SIEF_ELGA           MECA_PENTA6                             
PERF MECA_STATIQUE 0.13000000000000012 0.0 0.14999999850988388
MEM MECA_STATIQUE 771.10546875 768.203125 212.45579528808594 200.962646484375
TEST IMPR_RESU RESU MAILLAGE 
TEST IMPR_RESU RESU RESULTAT 
TEST IMPR_RESU RESU NOM_CHAM ('DEPL', )
TEST IMPR_RESU RESU INFO_MAILLAGE 'NON'
TEST IMPR_RESU RESU IMPR_NOM_VARI 'OUI'
TEST IMPR_RESU RESU NOM_CHAM_MED 
TEST IMPR_RESU -- FORMAT 'MED'
TEST IMPR_RESU -- INFO 1
TEST IMPR_RESU -- UNITE 80
TEST IMPR_RESU -- FICHIER_UNIQUE 'NON'
TEST IMPR_RESU -- VERSION_MED '3.3.1'
TEST IMPR_RESU -- PROC0 'OUI'
PERF IMPR_RESU 0.0 0.009999999999999898 0.05999999865889549
MEM IMPR_RESU 771.10546875 768.203125 212.45579528808594 200.962646484375
TEST FIN -- RETASSAGE 'NON'
TEST FIN -- INFO_RESU 'NON'
PERF check syntax 0.010000000000000009 0.010000000000000009 0.009999997913837433
PERF fortran 0.10999999999999988 0.26999999999999996 1.0899999998509884
PERF sdveri 0.0 0.0 0.0
PERF cleanup 0.16000000000000014 0.0 0.16999999806284904
PERF TOTAL_JOB 0.47 0.3 1.5599999986588955
PERF FIN 0.07999999999999985 0.020000000000000018 0.17999999970197678
MEM FIN 776.9921875 776.9921875 212.45579528808594 200.962646484375
