START_UTC=2026-09-29T08:36:33.9788163Z
SETUP=python -m venv <external-temp-venv>; venv-python -m pip install -r requirements/baseline-docs.txt; venv-python -m pip install 'mkdocs>=1.6,<2' 'mkdocs-material>=9.5,<10'
BASELINE_DOCS=requirements/baseline-docs.txt
DECLARED_EXTRA=pyproject.toml [project.optional-dependencies].docs
PYTHON=Python 3.13.1
VENV=C:\Users\fari\AppData\Local\Temp\wp14_g06_g08_r2_2_a4a64123\mkdocs-venv
Collecting PyYAML==6.0.2 (from -r C:\Users\fari\AppData\Local\Temp\wp14_g03_g06_g08_20260929\requirements\baseline-docs.txt (line 3))
  Using cached PyYAML-6.0.2-cp313-cp313-win_amd64.whl.metadata (2.1 kB)
Collecting gmsh==4.15.2 (from -r C:\Users\fari\AppData\Local\Temp\wp14_g03_g06_g08_20260929\requirements\baseline-docs.txt (line 4))
  Using cached gmsh-4.15.2-py2.py3-none-win_amd64.whl.metadata (1.7 kB)
Collecting reportlab==4.4.9 (from -r C:\Users\fari\AppData\Local\Temp\wp14_g03_g06_g08_20260929\requirements\baseline-docs.txt (line 5))
  Using cached reportlab-4.4.9-py3-none-any.whl.metadata (1.7 kB)
Collecting svglib==2.0.2 (from -r C:\Users\fari\AppData\Local\Temp\wp14_g03_g06_g08_20260929\requirements\baseline-docs.txt (line 6))
  Using cached svglib-2.0.2-py3-none-any.whl.metadata (13 kB)
Collecting pypdf==6.10.0 (from -r C:\Users\fari\AppData\Local\Temp\wp14_g03_g06_g08_20260929\requirements\baseline-docs.txt (line 7))
  Using cached pypdf-6.10.0-py3-none-any.whl.metadata (7.1 kB)
Collecting platformdirs==4.9.4 (from -r C:\Users\fari\AppData\Local\Temp\wp14_g03_g06_g08_20260929\requirements\baseline-docs.txt (line 8))
  Using cached platformdirs-4.9.4-py3-none-any.whl.metadata (4.7 kB)
Collecting pillow>=9.0.0 (from reportlab==4.4.9->-r C:\Users\fari\AppData\Local\Temp\wp14_g03_g06_g08_20260929\requirements\baseline-docs.txt (line 5))
  Using cached pillow-12.3.0-cp313-cp313-win_amd64.whl.metadata (9.3 kB)
Collecting charset-normalizer (from reportlab==4.4.9->-r C:\Users\fari\AppData\Local\Temp\wp14_g03_g06_g08_20260929\requirements\baseline-docs.txt (line 5))
  Using cached charset_normalizer-3.5.1-cp313-cp313-win_amd64.whl.metadata (46 kB)
Collecting cssselect2>=0.2.0 (from svglib==2.0.2->-r C:\Users\fari\AppData\Local\Temp\wp14_g03_g06_g08_20260929\requirements\baseline-docs.txt (line 6))
  Using cached cssselect2-0.10.1-py3-none-any.whl.metadata (2.9 kB)
Collecting lxml>=6.0.0 (from svglib==2.0.2->-r C:\Users\fari\AppData\Local\Temp\wp14_g03_g06_g08_20260929\requirements\baseline-docs.txt (line 6))
  Using cached lxml-6.1.3-cp313-cp313-win_amd64.whl.metadata (3.4 kB)
Collecting tinycss2>=0.6.0 (from svglib==2.0.2->-r C:\Users\fari\AppData\Local\Temp\wp14_g03_g06_g08_20260929\requirements\baseline-docs.txt (line 6))
  Using cached tinycss2-1.5.1-py3-none-any.whl.metadata (3.0 kB)
Collecting webencodings (from cssselect2>=0.2.0->svglib==2.0.2->-r C:\Users\fari\AppData\Local\Temp\wp14_g03_g06_g08_20260929\requirements\baseline-docs.txt (line 6))
  Using cached webencodings-0.6.1-py3-none-any.whl.metadata (3.4 kB)
Using cached PyYAML-6.0.2-cp313-cp313-win_amd64.whl (156 kB)
Using cached gmsh-4.15.2-py2.py3-none-win_amd64.whl (42.2 MB)
Using cached reportlab-4.4.9-py3-none-any.whl (2.0 MB)
Using cached svglib-2.0.2-py3-none-any.whl (45 kB)
Using cached pypdf-6.10.0-py3-none-any.whl (334 kB)
Using cached platformdirs-4.9.4-py3-none-any.whl (21 kB)
Using cached cssselect2-0.10.1-py3-none-any.whl (15 kB)
Using cached lxml-6.1.3-cp313-cp313-win_amd64.whl (4.0 MB)
Using cached pillow-12.3.0-cp313-cp313-win_amd64.whl (7.2 MB)
Using cached tinycss2-1.5.1-py3-none-any.whl (28 kB)
Using cached charset_normalizer-3.5.1-cp313-cp313-win_amd64.whl (199 kB)
Using cached webencodings-0.6.1-py3-none-any.whl (8.7 kB)
Installing collected packages: gmsh, webencodings, PyYAML, pypdf, platformdirs, pillow, lxml, charset-normalizer, tinycss2, reportlab, cssselect2, svglib
Successfully installed PyYAML-6.0.2 charset-normalizer-3.5.1 cssselect2-0.10.1 gmsh-4.15.2 lxml-6.1.3 pillow-12.3.0 platformdirs-4.9.4 pypdf-6.10.0 reportlab-4.4.9 svglib-2.0.2 tinycss2-1.5.1 webencodings-0.6.1

[notice] A new release of pip is available: 24.3.1 -> 26.2.1
[notice] To update, run: C:\Users\fari\AppData\Local\Temp\wp14_g06_g08_r2_2_a4a64123\mkdocs-venv\Scripts\python.exe -m pip install --upgrade pip
Collecting mkdocs<2,>=1.6
  Using cached mkdocs-1.6.1-py3-none-any.whl.metadata (6.0 kB)
Collecting mkdocs-material<10,>=9.5
  Using cached mkdocs_material-9.7.7-py3-none-any.whl.metadata (19 kB)
Collecting click>=7.0 (from mkdocs<2,>=1.6)
  Using cached click-8.5.0-py3-none-any.whl.metadata (2.6 kB)
Collecting colorama>=0.4 (from mkdocs<2,>=1.6)
  Using cached colorama-0.4.6-py2.py3-none-any.whl.metadata (17 kB)
Collecting ghp-import>=1.0 (from mkdocs<2,>=1.6)
  Using cached ghp_import-2.1.0-py3-none-any.whl.metadata (7.2 kB)
Collecting jinja2>=2.11.1 (from mkdocs<2,>=1.6)
  Using cached jinja2-3.1.6-py3-none-any.whl.metadata (2.9 kB)
Collecting markdown>=3.3.6 (from mkdocs<2,>=1.6)
  Using cached markdown-3.11-py3-none-any.whl.metadata (5.1 kB)
Collecting markupsafe>=2.0.1 (from mkdocs<2,>=1.6)
  Using cached markupsafe-3.0.3-cp313-cp313-win_amd64.whl.metadata (2.8 kB)
Collecting mergedeep>=1.3.4 (from mkdocs<2,>=1.6)
  Using cached mergedeep-1.3.4-py3-none-any.whl.metadata (4.3 kB)
Collecting mkdocs-get-deps>=0.2.0 (from mkdocs<2,>=1.6)
  Using cached mkdocs_get_deps-0.2.2-py3-none-any.whl.metadata (4.0 kB)
Collecting packaging>=20.5 (from mkdocs<2,>=1.6)
  Using cached packaging-26.3-py3-none-any.whl.metadata (3.5 kB)
Collecting pathspec>=0.11.1 (from mkdocs<2,>=1.6)
  Using cached pathspec-1.1.1-py3-none-any.whl.metadata (14 kB)
Collecting pyyaml-env-tag>=0.1 (from mkdocs<2,>=1.6)
  Using cached pyyaml_env_tag-1.1-py3-none-any.whl.metadata (5.5 kB)
Requirement already satisfied: pyyaml>=5.1 in c:\users\fari\appdata\local\temp\wp14_g06_g08_r2_2_a4a64123\mkdocs-venv\lib\site-packages (from mkdocs<2,>=1.6) (6.0.2)
Collecting watchdog>=2.0 (from mkdocs<2,>=1.6)
  Using cached watchdog-6.0.0-py3-none-win_amd64.whl.metadata (44 kB)
Collecting babel>=2.10 (from mkdocs-material<10,>=9.5)
  Using cached babel-2.18.0-py3-none-any.whl.metadata (2.2 kB)
Collecting backrefs>=5.7.post1 (from mkdocs-material<10,>=9.5)
  Using cached backrefs-8.0-py313-none-any.whl.metadata (3.0 kB)
Collecting mkdocs-material-extensions>=1.3 (from mkdocs-material<10,>=9.5)
  Using cached mkdocs_material_extensions-1.3.1-py3-none-any.whl.metadata (6.9 kB)
Collecting paginate>=0.5 (from mkdocs-material<10,>=9.5)
  Using cached paginate-0.5.7-py2.py3-none-any.whl.metadata (11 kB)
Collecting pygments>=2.16 (from mkdocs-material<10,>=9.5)
  Using cached pygments-2.21.0-py3-none-any.whl.metadata (2.5 kB)
Collecting pymdown-extensions>=10.2 (from mkdocs-material<10,>=9.5)
  Using cached pymdown_extensions-12.1-py3-none-any.whl.metadata (2.8 kB)
Collecting requests>=2.30 (from mkdocs-material<10,>=9.5)
  Using cached requests-2.34.2-py3-none-any.whl.metadata (4.8 kB)
Collecting python-dateutil>=2.8.1 (from ghp-import>=1.0->mkdocs<2,>=1.6)
  Using cached python_dateutil-2.9.0.post0-py2.py3-none-any.whl.metadata (8.4 kB)
Requirement already satisfied: platformdirs>=2.2.0 in c:\users\fari\appdata\local\temp\wp14_g06_g08_r2_2_a4a64123\mkdocs-venv\lib\site-packages (from mkdocs-get-deps>=0.2.0->mkdocs<2,>=1.6) (4.9.4)
Requirement already satisfied: charset_normalizer<4,>=2 in c:\users\fari\appdata\local\temp\wp14_g06_g08_r2_2_a4a64123\mkdocs-venv\lib\site-packages (from requests>=2.30->mkdocs-material<10,>=9.5) (3.5.1)
Collecting idna<4,>=2.5 (from requests>=2.30->mkdocs-material<10,>=9.5)
  Using cached idna-3.20-py3-none-any.whl.metadata (7.2 kB)
Collecting urllib3<3,>=1.26 (from requests>=2.30->mkdocs-material<10,>=9.5)
  Using cached urllib3-2.8.0-py3-none-any.whl.metadata (7.4 kB)
Collecting certifi>=2023.5.7 (from requests>=2.30->mkdocs-material<10,>=9.5)
  Using cached certifi-2026.7.22-py3-none-any.whl.metadata (2.5 kB)
Collecting six>=1.5 (from python-dateutil>=2.8.1->ghp-import>=1.0->mkdocs<2,>=1.6)
  Using cached six-1.17.0-py2.py3-none-any.whl.metadata (1.7 kB)
Using cached mkdocs-1.6.1-py3-none-any.whl (3.9 MB)
Using cached mkdocs_material-9.7.7-py3-none-any.whl (9.3 MB)
Using cached babel-2.18.0-py3-none-any.whl (10.2 MB)
Using cached backrefs-8.0-py313-none-any.whl (400 kB)
Using cached click-8.5.0-py3-none-any.whl (125 kB)
Using cached colorama-0.4.6-py2.py3-none-any.whl (25 kB)
Using cached ghp_import-2.1.0-py3-none-any.whl (11 kB)
Using cached jinja2-3.1.6-py3-none-any.whl (134 kB)
Using cached markdown-3.11-py3-none-any.whl (111 kB)
Using cached markupsafe-3.0.3-cp313-cp313-win_amd64.whl (15 kB)
Using cached mergedeep-1.3.4-py3-none-any.whl (6.4 kB)
Using cached mkdocs_get_deps-0.2.2-py3-none-any.whl (9.6 kB)
Using cached mkdocs_material_extensions-1.3.1-py3-none-any.whl (8.7 kB)
Using cached packaging-26.3-py3-none-any.whl (129 kB)
Using cached paginate-0.5.7-py2.py3-none-any.whl (13 kB)
Using cached pathspec-1.1.1-py3-none-any.whl (57 kB)
Using cached pygments-2.21.0-py3-none-any.whl (1.3 MB)
Using cached pymdown_extensions-12.1-py3-none-any.whl (277 kB)
Using cached pyyaml_env_tag-1.1-py3-none-any.whl (4.7 kB)
Using cached requests-2.34.2-py3-none-any.whl (73 kB)
Using cached watchdog-6.0.0-py3-none-win_amd64.whl (79 kB)
Using cached certifi-2026.7.22-py3-none-any.whl (136 kB)
Using cached idna-3.20-py3-none-any.whl (69 kB)
Using cached python_dateutil-2.9.0.post0-py2.py3-none-any.whl (229 kB)
Using cached urllib3-2.8.0-py3-none-any.whl (135 kB)
Using cached six-1.17.0-py2.py3-none-any.whl (11 kB)
Installing collected packages: paginate, watchdog, urllib3, six, pyyaml-env-tag, pygments, pathspec, packaging, mkdocs-material-extensions, mergedeep, markupsafe, markdown, idna, colorama, click, certifi, backrefs, babel, requests, python-dateutil, pymdown-extensions, mkdocs-get-deps, jinja2, ghp-import, mkdocs, mkdocs-material
Successfully installed babel-2.18.0 backrefs-8.0 certifi-2026.7.22 click-8.5.0 colorama-0.4.6 ghp-import-2.1.0 idna-3.20 jinja2-3.1.6 markdown-3.11 markupsafe-3.0.3 mergedeep-1.3.4 mkdocs-1.6.1 mkdocs-get-deps-0.2.2 mkdocs-material-9.7.7 mkdocs-material-extensions-1.3.1 packaging-26.3 paginate-0.5.7 pathspec-1.1.1 pygments-2.21.0 pymdown-extensions-12.1 python-dateutil-2.9.0.post0 pyyaml-env-tag-1.1 requests-2.34.2 six-1.17.0 urllib3-2.8.0 watchdog-6.0.0

[notice] A new release of pip is available: 24.3.1 -> 26.2.1
[notice] To update, run: C:\Users\fari\AppData\Local\Temp\wp14_g06_g08_r2_2_a4a64123\mkdocs-venv\Scripts\python.exe -m pip install --upgrade pip
Python 3.13.1
babel==2.18.0
backrefs==8.0
certifi==2026.7.22
charset-normalizer==3.5.1
click==8.5.0
colorama==0.4.6
cssselect2==0.10.1
ghp-import==2.1.0
gmsh==4.15.2
idna==3.20
Jinja2==3.1.6
lxml==6.1.3
Markdown==3.11
MarkupSafe==3.0.3
mergedeep==1.3.4
mkdocs==1.6.1
mkdocs-get-deps==0.2.2
mkdocs-material==9.7.7
mkdocs-material-extensions==1.3.1
packaging==26.3
paginate==0.5.7
pathspec==1.1.1
pillow==12.3.0
platformdirs==4.9.4
Pygments==2.21.0
pymdown-extensions==12.1
pypdf==6.10.0
python-dateutil==2.9.0.post0
PyYAML==6.0.2
pyyaml_env_tag==1.1
reportlab==4.4.9
requests==2.34.2
six==1.17.0
svglib==2.0.2
tinycss2==1.5.1
urllib3==2.8.0
watchdog==6.0.0
webencodings==0.6.1
mkdocs, version 1.6.1 from C:\Users\fari\AppData\Local\Temp\wp14_g06_g08_r2_2_a4a64123\mkdocs-venv\Lib\site-packages\mkdocs (Python 3.13)

SETUP_EXIT_CODE=0
END_UTC=2026-09-29T08:37:16.9327172Z
