    1C
    1UQF contact block pre-contact probe                                
    1UUSER                                                              
    1UDATE              30.august.2026                                  
    1UTIME              14:13:40                                        
    1UHOST                                                              
    1UPGM               CalculiX                                        
    1UVERSION           Version 2.20                             
    1UCOMPILETIME       Sun Jul 31 18:08:37 CEST 2022                    
    1UDIR                                                               
    1UDBN                                                               
    1UMAT    1ISO                                                       
    2C                           225                                     1
 -1         1 1.00000E-01-5.00000E-01-5.00000E-01
 -1         2 1.00000E-01-5.00000E-01-2.50000E-01
 -1         3 1.00000E-01-5.00000E-01 0.00000E+00
 -1         4 1.00000E-01-5.00000E-01 2.50000E-01
 -1         5 1.00000E-01-5.00000E-01 5.00000E-01
 -1         6 1.00000E-01-2.50000E-01-5.00000E-01
 -1         7 1.00000E-01-2.50000E-01-2.50000E-01
 -1         8 1.00000E-01-2.50000E-01 0.00000E+00
 -1         9 1.00000E-01-2.50000E-01 2.50000E-01
 -1        10 1.00000E-01-2.50000E-01 5.00000E-01
 -1        11 1.00000E-01 0.00000E+00-5.00000E-01
 -1        12 1.00000E-01 0.00000E+00-2.50000E-01
 -1        13 1.00000E-01 0.00000E+00 0.00000E+00
 -1        14 1.00000E-01 0.00000E+00 2.50000E-01
 -1        15 1.00000E-01 0.00000E+00 5.00000E-01
 -1        16 1.00000E-01 2.50000E-01-5.00000E-01
 -1        17 1.00000E-01 2.50000E-01-2.50000E-01
 -1        18 1.00000E-01 2.50000E-01 0.00000E+00
 -1        19 1.00000E-01 2.50000E-01 2.50000E-01
 -1        20 1.00000E-01 2.50000E-01 5.00000E-01
 -1        21 1.00000E-01 5.00000E-01-5.00000E-01
 -1        22 1.00000E-01 5.00000E-01-2.50000E-01
 -1        23 1.00000E-01 5.00000E-01 0.00000E+00
 -1        24 1.00000E-01 5.00000E-01 2.50000E-01
 -1        25 1.00000E-01 5.00000E-01 5.00000E-01
 -1        26 2.25000E-01-5.00000E-01-5.00000E-01
 -1        27 2.25000E-01-5.00000E-01-2.50000E-01
 -1        28 2.25000E-01-5.00000E-01 0.00000E+00
 -1        29 2.25000E-01-5.00000E-01 2.50000E-01
 -1        30 2.25000E-01-5.00000E-01 5.00000E-01
 -1        31 2.25000E-01-2.50000E-01-5.00000E-01
 -1        32 2.25000E-01-2.50000E-01-2.50000E-01
 -1        33 2.25000E-01-2.50000E-01 0.00000E+00
 -1        34 2.25000E-01-2.50000E-01 2.50000E-01
 -1        35 2.25000E-01-2.50000E-01 5.00000E-01
 -1        36 2.25000E-01 0.00000E+00-5.00000E-01
 -1        37 2.25000E-01 0.00000E+00-2.50000E-01
 -1        38 2.25000E-01 0.00000E+00 0.00000E+00
 -1        39 2.25000E-01 0.00000E+00 2.50000E-01
 -1        40 2.25000E-01 0.00000E+00 5.00000E-01
 -1        41 2.25000E-01 2.50000E-01-5.00000E-01
 -1        42 2.25000E-01 2.50000E-01-2.50000E-01
 -1        43 2.25000E-01 2.50000E-01 0.00000E+00
 -1        44 2.25000E-01 2.50000E-01 2.50000E-01
 -1        45 2.25000E-01 2.50000E-01 5.00000E-01
 -1        46 2.25000E-01 5.00000E-01-5.00000E-01
 -1        47 2.25000E-01 5.00000E-01-2.50000E-01
 -1        48 2.25000E-01 5.00000E-01 0.00000E+00
 -1        49 2.25000E-01 5.00000E-01 2.50000E-01
 -1        50 2.25000E-01 5.00000E-01 5.00000E-01
 -1        51 3.50000E-01-5.00000E-01-5.00000E-01
 -1        52 3.50000E-01-5.00000E-01-2.50000E-01
 -1        53 3.50000E-01-5.00000E-01 0.00000E+00
 -1        54 3.50000E-01-5.00000E-01 2.50000E-01
 -1        55 3.50000E-01-5.00000E-01 5.00000E-01
 -1        56 3.50000E-01-2.50000E-01-5.00000E-01
 -1        57 3.50000E-01-2.50000E-01-2.50000E-01
 -1        58 3.50000E-01-2.50000E-01 0.00000E+00
 -1        59 3.50000E-01-2.50000E-01 2.50000E-01
 -1        60 3.50000E-01-2.50000E-01 5.00000E-01
 -1        61 3.50000E-01 0.00000E+00-5.00000E-01
 -1        62 3.50000E-01 0.00000E+00-2.50000E-01
 -1        63 3.50000E-01 0.00000E+00 0.00000E+00
 -1        64 3.50000E-01 0.00000E+00 2.50000E-01
 -1        65 3.50000E-01 0.00000E+00 5.00000E-01
 -1        66 3.50000E-01 2.50000E-01-5.00000E-01
 -1        67 3.50000E-01 2.50000E-01-2.50000E-01
 -1        68 3.50000E-01 2.50000E-01 0.00000E+00
 -1        69 3.50000E-01 2.50000E-01 2.50000E-01
 -1        70 3.50000E-01 2.50000E-01 5.00000E-01
 -1        71 3.50000E-01 5.00000E-01-5.00000E-01
 -1        72 3.50000E-01 5.00000E-01-2.50000E-01
 -1        73 3.50000E-01 5.00000E-01 0.00000E+00
 -1        74 3.50000E-01 5.00000E-01 2.50000E-01
 -1        75 3.50000E-01 5.00000E-01 5.00000E-01
 -1        76 4.75000E-01-5.00000E-01-5.00000E-01
 -1        77 4.75000E-01-5.00000E-01-2.50000E-01
 -1        78 4.75000E-01-5.00000E-01 0.00000E+00
 -1        79 4.75000E-01-5.00000E-01 2.50000E-01
 -1        80 4.75000E-01-5.00000E-01 5.00000E-01
 -1        81 4.75000E-01-2.50000E-01-5.00000E-01
 -1        82 4.75000E-01-2.50000E-01-2.50000E-01
 -1        83 4.75000E-01-2.50000E-01 0.00000E+00
 -1        84 4.75000E-01-2.50000E-01 2.50000E-01
 -1        85 4.75000E-01-2.50000E-01 5.00000E-01
 -1        86 4.75000E-01 0.00000E+00-5.00000E-01
 -1        87 4.75000E-01 0.00000E+00-2.50000E-01
 -1        88 4.75000E-01 0.00000E+00 0.00000E+00
 -1        89 4.75000E-01 0.00000E+00 2.50000E-01
 -1        90 4.75000E-01 0.00000E+00 5.00000E-01
 -1        91 4.75000E-01 2.50000E-01-5.00000E-01
 -1        92 4.75000E-01 2.50000E-01-2.50000E-01
 -1        93 4.75000E-01 2.50000E-01 0.00000E+00
 -1        94 4.75000E-01 2.50000E-01 2.50000E-01
 -1        95 4.75000E-01 2.50000E-01 5.00000E-01
 -1        96 4.75000E-01 5.00000E-01-5.00000E-01
 -1        97 4.75000E-01 5.00000E-01-2.50000E-01
 -1        98 4.75000E-01 5.00000E-01 0.00000E+00
 -1        99 4.75000E-01 5.00000E-01 2.50000E-01
 -1       100 4.75000E-01 5.00000E-01 5.00000E-01
 -1       101 6.00000E-01-5.00000E-01-5.00000E-01
 -1       102 6.00000E-01-5.00000E-01-2.50000E-01
 -1       103 6.00000E-01-5.00000E-01 0.00000E+00
 -1       104 6.00000E-01-5.00000E-01 2.50000E-01
 -1       105 6.00000E-01-5.00000E-01 5.00000E-01
 -1       106 6.00000E-01-2.50000E-01-5.00000E-01
 -1       107 6.00000E-01-2.50000E-01-2.50000E-01
 -1       108 6.00000E-01-2.50000E-01 0.00000E+00
 -1       109 6.00000E-01-2.50000E-01 2.50000E-01
 -1       110 6.00000E-01-2.50000E-01 5.00000E-01
 -1       111 6.00000E-01 0.00000E+00-5.00000E-01
 -1       112 6.00000E-01 0.00000E+00-2.50000E-01
 -1       113 6.00000E-01 0.00000E+00 0.00000E+00
 -1       114 6.00000E-01 0.00000E+00 2.50000E-01
 -1       115 6.00000E-01 0.00000E+00 5.00000E-01
 -1       116 6.00000E-01 2.50000E-01-5.00000E-01
 -1       117 6.00000E-01 2.50000E-01-2.50000E-01
 -1       118 6.00000E-01 2.50000E-01 0.00000E+00
 -1       119 6.00000E-01 2.50000E-01 2.50000E-01
 -1       120 6.00000E-01 2.50000E-01 5.00000E-01
 -1       121 6.00000E-01 5.00000E-01-5.00000E-01
 -1       122 6.00000E-01 5.00000E-01-2.50000E-01
 -1       123 6.00000E-01 5.00000E-01 0.00000E+00
 -1       124 6.00000E-01 5.00000E-01 2.50000E-01
 -1       125 6.00000E-01 5.00000E-01 5.00000E-01
 -1       126 7.25000E-01-5.00000E-01-5.00000E-01
 -1       127 7.25000E-01-5.00000E-01-2.50000E-01
 -1       128 7.25000E-01-5.00000E-01 0.00000E+00
 -1       129 7.25000E-01-5.00000E-01 2.50000E-01
 -1       130 7.25000E-01-5.00000E-01 5.00000E-01
 -1       131 7.25000E-01-2.50000E-01-5.00000E-01
 -1       132 7.25000E-01-2.50000E-01-2.50000E-01
 -1       133 7.25000E-01-2.50000E-01 0.00000E+00
 -1       134 7.25000E-01-2.50000E-01 2.50000E-01
 -1       135 7.25000E-01-2.50000E-01 5.00000E-01
 -1       136 7.25000E-01 0.00000E+00-5.00000E-01
 -1       137 7.25000E-01 0.00000E+00-2.50000E-01
 -1       138 7.25000E-01 0.00000E+00 0.00000E+00
 -1       139 7.25000E-01 0.00000E+00 2.50000E-01
 -1       140 7.25000E-01 0.00000E+00 5.00000E-01
 -1       141 7.25000E-01 2.50000E-01-5.00000E-01
 -1       142 7.25000E-01 2.50000E-01-2.50000E-01
 -1       143 7.25000E-01 2.50000E-01 0.00000E+00
 -1       144 7.25000E-01 2.50000E-01 2.50000E-01
 -1       145 7.25000E-01 2.50000E-01 5.00000E-01
 -1       146 7.25000E-01 5.00000E-01-5.00000E-01
 -1       147 7.25000E-01 5.00000E-01-2.50000E-01
 -1       148 7.25000E-01 5.00000E-01 0.00000E+00
 -1       149 7.25000E-01 5.00000E-01 2.50000E-01
 -1       150 7.25000E-01 5.00000E-01 5.00000E-01
 -1       151 8.50000E-01-5.00000E-01-5.00000E-01
 -1       152 8.50000E-01-5.00000E-01-2.50000E-01
 -1       153 8.50000E-01-5.00000E-01 0.00000E+00
 -1       154 8.50000E-01-5.00000E-01 2.50000E-01
 -1       155 8.50000E-01-5.00000E-01 5.00000E-01
 -1       156 8.50000E-01-2.50000E-01-5.00000E-01
 -1       157 8.50000E-01-2.50000E-01-2.50000E-01
 -1       158 8.50000E-01-2.50000E-01 0.00000E+00
 -1       159 8.50000E-01-2.50000E-01 2.50000E-01
 -1       160 8.50000E-01-2.50000E-01 5.00000E-01
 -1       161 8.50000E-01 0.00000E+00-5.00000E-01
 -1       162 8.50000E-01 0.00000E+00-2.50000E-01
 -1       163 8.50000E-01 0.00000E+00 0.00000E+00
 -1       164 8.50000E-01 0.00000E+00 2.50000E-01
 -1       165 8.50000E-01 0.00000E+00 5.00000E-01
 -1       166 8.50000E-01 2.50000E-01-5.00000E-01
 -1       167 8.50000E-01 2.50000E-01-2.50000E-01
 -1       168 8.50000E-01 2.50000E-01 0.00000E+00
 -1       169 8.50000E-01 2.50000E-01 2.50000E-01
 -1       170 8.50000E-01 2.50000E-01 5.00000E-01
 -1       171 8.50000E-01 5.00000E-01-5.00000E-01
 -1       172 8.50000E-01 5.00000E-01-2.50000E-01
 -1       173 8.50000E-01 5.00000E-01 0.00000E+00
 -1       174 8.50000E-01 5.00000E-01 2.50000E-01
 -1       175 8.50000E-01 5.00000E-01 5.00000E-01
 -1       176 9.75000E-01-5.00000E-01-5.00000E-01
 -1       177 9.75000E-01-5.00000E-01-2.50000E-01
 -1       178 9.75000E-01-5.00000E-01 0.00000E+00
 -1       179 9.75000E-01-5.00000E-01 2.50000E-01
 -1       180 9.75000E-01-5.00000E-01 5.00000E-01
 -1       181 9.75000E-01-2.50000E-01-5.00000E-01
 -1       182 9.75000E-01-2.50000E-01-2.50000E-01
 -1       183 9.75000E-01-2.50000E-01 0.00000E+00
 -1       184 9.75000E-01-2.50000E-01 2.50000E-01
 -1       185 9.75000E-01-2.50000E-01 5.00000E-01
 -1       186 9.75000E-01 0.00000E+00-5.00000E-01
 -1       187 9.75000E-01 0.00000E+00-2.50000E-01
 -1       188 9.75000E-01 0.00000E+00 0.00000E+00
 -1       189 9.75000E-01 0.00000E+00 2.50000E-01
 -1       190 9.75000E-01 0.00000E+00 5.00000E-01
 -1       191 9.75000E-01 2.50000E-01-5.00000E-01
 -1       192 9.75000E-01 2.50000E-01-2.50000E-01
 -1       193 9.75000E-01 2.50000E-01 0.00000E+00
 -1       194 9.75000E-01 2.50000E-01 2.50000E-01
 -1       195 9.75000E-01 2.50000E-01 5.00000E-01
 -1       196 9.75000E-01 5.00000E-01-5.00000E-01
 -1       197 9.75000E-01 5.00000E-01-2.50000E-01
 -1       198 9.75000E-01 5.00000E-01 0.00000E+00
 -1       199 9.75000E-01 5.00000E-01 2.50000E-01
 -1       200 9.75000E-01 5.00000E-01 5.00000E-01
 -1       201 1.10000E+00-5.00000E-01-5.00000E-01
 -1       202 1.10000E+00-5.00000E-01-2.50000E-01
 -1       203 1.10000E+00-5.00000E-01 0.00000E+00
 -1       204 1.10000E+00-5.00000E-01 2.50000E-01
 -1       205 1.10000E+00-5.00000E-01 5.00000E-01
 -1       206 1.10000E+00-2.50000E-01-5.00000E-01
 -1       207 1.10000E+00-2.50000E-01-2.50000E-01
 -1       208 1.10000E+00-2.50000E-01 0.00000E+00
 -1       209 1.10000E+00-2.50000E-01 2.50000E-01
 -1       210 1.10000E+00-2.50000E-01 5.00000E-01
 -1       211 1.10000E+00 0.00000E+00-5.00000E-01
 -1       212 1.10000E+00 0.00000E+00-2.50000E-01
 -1       213 1.10000E+00 0.00000E+00 0.00000E+00
 -1       214 1.10000E+00 0.00000E+00 2.50000E-01
 -1       215 1.10000E+00 0.00000E+00 5.00000E-01
 -1       216 1.10000E+00 2.50000E-01-5.00000E-01
 -1       217 1.10000E+00 2.50000E-01-2.50000E-01
 -1       218 1.10000E+00 2.50000E-01 0.00000E+00
 -1       219 1.10000E+00 2.50000E-01 2.50000E-01
 -1       220 1.10000E+00 2.50000E-01 5.00000E-01
 -1       221 1.10000E+00 5.00000E-01-5.00000E-01
 -1       222 1.10000E+00 5.00000E-01-2.50000E-01
 -1       223 1.10000E+00 5.00000E-01 0.00000E+00
 -1       224 1.10000E+00 5.00000E-01 2.50000E-01
 -1       225 1.10000E+00 5.00000E-01 5.00000E-01
 -3
    3C                           768                                     1
 -1         1    3    0    1
 -2         1        26        31        32
 -1         2    3    0    1
 -2         1        31         6        32
 -1         3    3    0    1
 -2         1         6         7        32
 -1         4    3    0    1
 -2         1         7         2        32
 -1         5    3    0    1
 -2         1         2        27        32
 -1         6    3    0    1
 -2         1        27        26        32
 -1         7    3    0    1
 -2         2        27        32        33
 -1         8    3    0    1
 -2         2        32         7        33
 -1         9    3    0    1
 -2         2         7         8        33
 -1        10    3    0    1
 -2         2         8         3        33
 -1        11    3    0    1
 -2         2         3        28        33
 -1        12    3    0    1
 -2         2        28        27        33
 -1        13    3    0    1
 -2         3        28        33        34
 -1        14    3    0    1
 -2         3        33         8        34
 -1        15    3    0    1
 -2         3         8         9        34
 -1        16    3    0    1
 -2         3         9         4        34
 -1        17    3    0    1
 -2         3         4        29        34
 -1        18    3    0    1
 -2         3        29        28        34
 -1        19    3    0    1
 -2         4        29        34        35
 -1        20    3    0    1
 -2         4        34         9        35
 -1        21    3    0    1
 -2         4         9        10        35
 -1        22    3    0    1
 -2         4        10         5        35
 -1        23    3    0    1
 -2         4         5        30        35
 -1        24    3    0    1
 -2         4        30        29        35
 -1        25    3    0    1
 -2         6        31        36        37
 -1        26    3    0    1
 -2         6        36        11        37
 -1        27    3    0    1
 -2         6        11        12        37
 -1        28    3    0    1
 -2         6        12         7        37
 -1        29    3    0    1
 -2         6         7        32        37
 -1        30    3    0    1
 -2         6        32        31        37
 -1        31    3    0    1
 -2         7        32        37        38
 -1        32    3    0    1
 -2         7        37        12        38
 -1        33    3    0    1
 -2         7        12        13        38
 -1        34    3    0    1
 -2         7        13         8        38
 -1        35    3    0    1
 -2         7         8        33        38
 -1        36    3    0    1
 -2         7        33        32        38
 -1        37    3    0    1
 -2         8        33        38        39
 -1        38    3    0    1
 -2         8        38        13        39
 -1        39    3    0    1
 -2         8        13        14        39
 -1        40    3    0    1
 -2         8        14         9        39
 -1        41    3    0    1
 -2         8         9        34        39
 -1        42    3    0    1
 -2         8        34        33        39
 -1        43    3    0    1
 -2         9        34        39        40
 -1        44    3    0    1
 -2         9        39        14        40
 -1        45    3    0    1
 -2         9        14        15        40
 -1        46    3    0    1
 -2         9        15        10        40
 -1        47    3    0    1
 -2         9        10        35        40
 -1        48    3    0    1
 -2         9        35        34        40
 -1        49    3    0    1
 -2        11        36        41        42
 -1        50    3    0    1
 -2        11        41        16        42
 -1        51    3    0    1
 -2        11        16        17        42
 -1        52    3    0    1
 -2        11        17        12        42
 -1        53    3    0    1
 -2        11        12        37        42
 -1        54    3    0    1
 -2        11        37        36        42
 -1        55    3    0    1
 -2        12        37        42        43
 -1        56    3    0    1
 -2        12        42        17        43
 -1        57    3    0    1
 -2        12        17        18        43
 -1        58    3    0    1
 -2        12        18        13        43
 -1        59    3    0    1
 -2        12        13        38        43
 -1        60    3    0    1
 -2        12        38        37        43
 -1        61    3    0    1
 -2        13        38        43        44
 -1        62    3    0    1
 -2        13        43        18        44
 -1        63    3    0    1
 -2        13        18        19        44
 -1        64    3    0    1
 -2        13        19        14        44
 -1        65    3    0    1
 -2        13        14        39        44
 -1        66    3    0    1
 -2        13        39        38        44
 -1        67    3    0    1
 -2        14        39        44        45
 -1        68    3    0    1
 -2        14        44        19        45
 -1        69    3    0    1
 -2        14        19        20        45
 -1        70    3    0    1
 -2        14        20        15        45
 -1        71    3    0    1
 -2        14        15        40        45
 -1        72    3    0    1
 -2        14        40        39        45
 -1        73    3    0    1
 -2        16        41        46        47
 -1        74    3    0    1
 -2        16        46        21        47
 -1        75    3    0    1
 -2        16        21        22        47
 -1        76    3    0    1
 -2        16        22        17        47
 -1        77    3    0    1
 -2        16        17        42        47
 -1        78    3    0    1
 -2        16        42        41        47
 -1        79    3    0    1
 -2        17        42        47        48
 -1        80    3    0    1
 -2        17        47        22        48
 -1        81    3    0    1
 -2        17        22        23        48
 -1        82    3    0    1
 -2        17        23        18        48
 -1        83    3    0    1
 -2        17        18        43        48
 -1        84    3    0    1
 -2        17        43        42        48
 -1        85    3    0    1
 -2        18        43        48        49
 -1        86    3    0    1
 -2        18        48        23        49
 -1        87    3    0    1
 -2        18        23        24        49
 -1        88    3    0    1
 -2        18        24        19        49
 -1        89    3    0    1
 -2        18        19        44        49
 -1        90    3    0    1
 -2        18        44        43        49
 -1        91    3    0    1
 -2        19        44        49        50
 -1        92    3    0    1
 -2        19        49        24        50
 -1        93    3    0    1
 -2        19        24        25        50
 -1        94    3    0    1
 -2        19        25        20        50
 -1        95    3    0    1
 -2        19        20        45        50
 -1        96    3    0    1
 -2        19        45        44        50
 -1        97    3    0    1
 -2        26        51        56        57
 -1        98    3    0    1
 -2        26        56        31        57
 -1        99    3    0    1
 -2        26        31        32        57
 -1       100    3    0    1
 -2        26        32        27        57
 -1       101    3    0    1
 -2        26        27        52        57
 -1       102    3    0    1
 -2        26        52        51        57
 -1       103    3    0    1
 -2        27        52        57        58
 -1       104    3    0    1
 -2        27        57        32        58
 -1       105    3    0    1
 -2        27        32        33        58
 -1       106    3    0    1
 -2        27        33        28        58
 -1       107    3    0    1
 -2        27        28        53        58
 -1       108    3    0    1
 -2        27        53        52        58
 -1       109    3    0    1
 -2        28        53        58        59
 -1       110    3    0    1
 -2        28        58        33        59
 -1       111    3    0    1
 -2        28        33        34        59
 -1       112    3    0    1
 -2        28        34        29        59
 -1       113    3    0    1
 -2        28        29        54        59
 -1       114    3    0    1
 -2        28        54        53        59
 -1       115    3    0    1
 -2        29        54        59        60
 -1       116    3    0    1
 -2        29        59        34        60
 -1       117    3    0    1
 -2        29        34        35        60
 -1       118    3    0    1
 -2        29        35        30        60
 -1       119    3    0    1
 -2        29        30        55        60
 -1       120    3    0    1
 -2        29        55        54        60
 -1       121    3    0    1
 -2        31        56        61        62
 -1       122    3    0    1
 -2        31        61        36        62
 -1       123    3    0    1
 -2        31        36        37        62
 -1       124    3    0    1
 -2        31        37        32        62
 -1       125    3    0    1
 -2        31        32        57        62
 -1       126    3    0    1
 -2        31        57        56        62
 -1       127    3    0    1
 -2        32        57        62        63
 -1       128    3    0    1
 -2        32        62        37        63
 -1       129    3    0    1
 -2        32        37        38        63
 -1       130    3    0    1
 -2        32        38        33        63
 -1       131    3    0    1
 -2        32        33        58        63
 -1       132    3    0    1
 -2        32        58        57        63
 -1       133    3    0    1
 -2        33        58        63        64
 -1       134    3    0    1
 -2        33        63        38        64
 -1       135    3    0    1
 -2        33        38        39        64
 -1       136    3    0    1
 -2        33        39        34        64
 -1       137    3    0    1
 -2        33        34        59        64
 -1       138    3    0    1
 -2        33        59        58        64
 -1       139    3    0    1
 -2        34        59        64        65
 -1       140    3    0    1
 -2        34        64        39        65
 -1       141    3    0    1
 -2        34        39        40        65
 -1       142    3    0    1
 -2        34        40        35        65
 -1       143    3    0    1
 -2        34        35        60        65
 -1       144    3    0    1
 -2        34        60        59        65
 -1       145    3    0    1
 -2        36        61        66        67
 -1       146    3    0    1
 -2        36        66        41        67
 -1       147    3    0    1
 -2        36        41        42        67
 -1       148    3    0    1
 -2        36        42        37        67
 -1       149    3    0    1
 -2        36        37        62        67
 -1       150    3    0    1
 -2        36        62        61        67
 -1       151    3    0    1
 -2        37        62        67        68
 -1       152    3    0    1
 -2        37        67        42        68
 -1       153    3    0    1
 -2        37        42        43        68
 -1       154    3    0    1
 -2        37        43        38        68
 -1       155    3    0    1
 -2        37        38        63        68
 -1       156    3    0    1
 -2        37        63        62        68
 -1       157    3    0    1
 -2        38        63        68        69
 -1       158    3    0    1
 -2        38        68        43        69
 -1       159    3    0    1
 -2        38        43        44        69
 -1       160    3    0    1
 -2        38        44        39        69
 -1       161    3    0    1
 -2        38        39        64        69
 -1       162    3    0    1
 -2        38        64        63        69
 -1       163    3    0    1
 -2        39        64        69        70
 -1       164    3    0    1
 -2        39        69        44        70
 -1       165    3    0    1
 -2        39        44        45        70
 -1       166    3    0    1
 -2        39        45        40        70
 -1       167    3    0    1
 -2        39        40        65        70
 -1       168    3    0    1
 -2        39        65        64        70
 -1       169    3    0    1
 -2        41        66        71        72
 -1       170    3    0    1
 -2        41        71        46        72
 -1       171    3    0    1
 -2        41        46        47        72
 -1       172    3    0    1
 -2        41        47        42        72
 -1       173    3    0    1
 -2        41        42        67        72
 -1       174    3    0    1
 -2        41        67        66        72
 -1       175    3    0    1
 -2        42        67        72        73
 -1       176    3    0    1
 -2        42        72        47        73
 -1       177    3    0    1
 -2        42        47        48        73
 -1       178    3    0    1
 -2        42        48        43        73
 -1       179    3    0    1
 -2        42        43        68        73
 -1       180    3    0    1
 -2        42        68        67        73
 -1       181    3    0    1
 -2        43        68        73        74
 -1       182    3    0    1
 -2        43        73        48        74
 -1       183    3    0    1
 -2        43        48        49        74
 -1       184    3    0    1
 -2        43        49        44        74
 -1       185    3    0    1
 -2        43        44        69        74
 -1       186    3    0    1
 -2        43        69        68        74
 -1       187    3    0    1
 -2        44        69        74        75
 -1       188    3    0    1
 -2        44        74        49        75
 -1       189    3    0    1
 -2        44        49        50        75
 -1       190    3    0    1
 -2        44        50        45        75
 -1       191    3    0    1
 -2        44        45        70        75
 -1       192    3    0    1
 -2        44        70        69        75
 -1       193    3    0    1
 -2        51        76        81        82
 -1       194    3    0    1
 -2        51        81        56        82
 -1       195    3    0    1
 -2        51        56        57        82
 -1       196    3    0    1
 -2        51        57        52        82
 -1       197    3    0    1
 -2        51        52        77        82
 -1       198    3    0    1
 -2        51        77        76        82
 -1       199    3    0    1
 -2        52        77        82        83
 -1       200    3    0    1
 -2        52        82        57        83
 -1       201    3    0    1
 -2        52        57        58        83
 -1       202    3    0    1
 -2        52        58        53        83
 -1       203    3    0    1
 -2        52        53        78        83
 -1       204    3    0    1
 -2        52        78        77        83
 -1       205    3    0    1
 -2        53        78        83        84
 -1       206    3    0    1
 -2        53        83        58        84
 -1       207    3    0    1
 -2        53        58        59        84
 -1       208    3    0    1
 -2        53        59        54        84
 -1       209    3    0    1
 -2        53        54        79        84
 -1       210    3    0    1
 -2        53        79        78        84
 -1       211    3    0    1
 -2        54        79        84        85
 -1       212    3    0    1
 -2        54        84        59        85
 -1       213    3    0    1
 -2        54        59        60        85
 -1       214    3    0    1
 -2        54        60        55        85
 -1       215    3    0    1
 -2        54        55        80        85
 -1       216    3    0    1
 -2        54        80        79        85
 -1       217    3    0    1
 -2        56        81        86        87
 -1       218    3    0    1
 -2        56        86        61        87
 -1       219    3    0    1
 -2        56        61        62        87
 -1       220    3    0    1
 -2        56        62        57        87
 -1       221    3    0    1
 -2        56        57        82        87
 -1       222    3    0    1
 -2        56        82        81        87
 -1       223    3    0    1
 -2        57        82        87        88
 -1       224    3    0    1
 -2        57        87        62        88
 -1       225    3    0    1
 -2        57        62        63        88
 -1       226    3    0    1
 -2        57        63        58        88
 -1       227    3    0    1
 -2        57        58        83        88
 -1       228    3    0    1
 -2        57        83        82        88
 -1       229    3    0    1
 -2        58        83        88        89
 -1       230    3    0    1
 -2        58        88        63        89
 -1       231    3    0    1
 -2        58        63        64        89
 -1       232    3    0    1
 -2        58        64        59        89
 -1       233    3    0    1
 -2        58        59        84        89
 -1       234    3    0    1
 -2        58        84        83        89
 -1       235    3    0    1
 -2        59        84        89        90
 -1       236    3    0    1
 -2        59        89        64        90
 -1       237    3    0    1
 -2        59        64        65        90
 -1       238    3    0    1
 -2        59        65        60        90
 -1       239    3    0    1
 -2        59        60        85        90
 -1       240    3    0    1
 -2        59        85        84        90
 -1       241    3    0    1
 -2        61        86        91        92
 -1       242    3    0    1
 -2        61        91        66        92
 -1       243    3    0    1
 -2        61        66        67        92
 -1       244    3    0    1
 -2        61        67        62        92
 -1       245    3    0    1
 -2        61        62        87        92
 -1       246    3    0    1
 -2        61        87        86        92
 -1       247    3    0    1
 -2        62        87        92        93
 -1       248    3    0    1
 -2        62        92        67        93
 -1       249    3    0    1
 -2        62        67        68        93
 -1       250    3    0    1
 -2        62        68        63        93
 -1       251    3    0    1
 -2        62        63        88        93
 -1       252    3    0    1
 -2        62        88        87        93
 -1       253    3    0    1
 -2        63        88        93        94
 -1       254    3    0    1
 -2        63        93        68        94
 -1       255    3    0    1
 -2        63        68        69        94
 -1       256    3    0    1
 -2        63        69        64        94
 -1       257    3    0    1
 -2        63        64        89        94
 -1       258    3    0    1
 -2        63        89        88        94
 -1       259    3    0    1
 -2        64        89        94        95
 -1       260    3    0    1
 -2        64        94        69        95
 -1       261    3    0    1
 -2        64        69        70        95
 -1       262    3    0    1
 -2        64        70        65        95
 -1       263    3    0    1
 -2        64        65        90        95
 -1       264    3    0    1
 -2        64        90        89        95
 -1       265    3    0    1
 -2        66        91        96        97
 -1       266    3    0    1
 -2        66        96        71        97
 -1       267    3    0    1
 -2        66        71        72        97
 -1       268    3    0    1
 -2        66        72        67        97
 -1       269    3    0    1
 -2        66        67        92        97
 -1       270    3    0    1
 -2        66        92        91        97
 -1       271    3    0    1
 -2        67        92        97        98
 -1       272    3    0    1
 -2        67        97        72        98
 -1       273    3    0    1
 -2        67        72        73        98
 -1       274    3    0    1
 -2        67        73        68        98
 -1       275    3    0    1
 -2        67        68        93        98
 -1       276    3    0    1
 -2        67        93        92        98
 -1       277    3    0    1
 -2        68        93        98        99
 -1       278    3    0    1
 -2        68        98        73        99
 -1       279    3    0    1
 -2        68        73        74        99
 -1       280    3    0    1
 -2        68        74        69        99
 -1       281    3    0    1
 -2        68        69        94        99
 -1       282    3    0    1
 -2        68        94        93        99
 -1       283    3    0    1
 -2        69        94        99       100
 -1       284    3    0    1
 -2        69        99        74       100
 -1       285    3    0    1
 -2        69        74        75       100
 -1       286    3    0    1
 -2        69        75        70       100
 -1       287    3    0    1
 -2        69        70        95       100
 -1       288    3    0    1
 -2        69        95        94       100
 -1       289    3    0    1
 -2        76       101       106       107
 -1       290    3    0    1
 -2        76       106        81       107
 -1       291    3    0    1
 -2        76        81        82       107
 -1       292    3    0    1
 -2        76        82        77       107
 -1       293    3    0    1
 -2        76        77       102       107
 -1       294    3    0    1
 -2        76       102       101       107
 -1       295    3    0    1
 -2        77       102       107       108
 -1       296    3    0    1
 -2        77       107        82       108
 -1       297    3    0    1
 -2        77        82        83       108
 -1       298    3    0    1
 -2        77        83        78       108
 -1       299    3    0    1
 -2        77        78       103       108
 -1       300    3    0    1
 -2        77       103       102       108
 -1       301    3    0    1
 -2        78       103       108       109
 -1       302    3    0    1
 -2        78       108        83       109
 -1       303    3    0    1
 -2        78        83        84       109
 -1       304    3    0    1
 -2        78        84        79       109
 -1       305    3    0    1
 -2        78        79       104       109
 -1       306    3    0    1
 -2        78       104       103       109
 -1       307    3    0    1
 -2        79       104       109       110
 -1       308    3    0    1
 -2        79       109        84       110
 -1       309    3    0    1
 -2        79        84        85       110
 -1       310    3    0    1
 -2        79        85        80       110
 -1       311    3    0    1
 -2        79        80       105       110
 -1       312    3    0    1
 -2        79       105       104       110
 -1       313    3    0    1
 -2        81       106       111       112
 -1       314    3    0    1
 -2        81       111        86       112
 -1       315    3    0    1
 -2        81        86        87       112
 -1       316    3    0    1
 -2        81        87        82       112
 -1       317    3    0    1
 -2        81        82       107       112
 -1       318    3    0    1
 -2        81       107       106       112
 -1       319    3    0    1
 -2        82       107       112       113
 -1       320    3    0    1
 -2        82       112        87       113
 -1       321    3    0    1
 -2        82        87        88       113
 -1       322    3    0    1
 -2        82        88        83       113
 -1       323    3    0    1
 -2        82        83       108       113
 -1       324    3    0    1
 -2        82       108       107       113
 -1       325    3    0    1
 -2        83       108       113       114
 -1       326    3    0    1
 -2        83       113        88       114
 -1       327    3    0    1
 -2        83        88        89       114
 -1       328    3    0    1
 -2        83        89        84       114
 -1       329    3    0    1
 -2        83        84       109       114
 -1       330    3    0    1
 -2        83       109       108       114
 -1       331    3    0    1
 -2        84       109       114       115
 -1       332    3    0    1
 -2        84       114        89       115
 -1       333    3    0    1
 -2        84        89        90       115
 -1       334    3    0    1
 -2        84        90        85       115
 -1       335    3    0    1
 -2        84        85       110       115
 -1       336    3    0    1
 -2        84       110       109       115
 -1       337    3    0    1
 -2        86       111       116       117
 -1       338    3    0    1
 -2        86       116        91       117
 -1       339    3    0    1
 -2        86        91        92       117
 -1       340    3    0    1
 -2        86        92        87       117
 -1       341    3    0    1
 -2        86        87       112       117
 -1       342    3    0    1
 -2        86       112       111       117
 -1       343    3    0    1
 -2        87       112       117       118
 -1       344    3    0    1
 -2        87       117        92       118
 -1       345    3    0    1
 -2        87        92        93       118
 -1       346    3    0    1
 -2        87        93        88       118
 -1       347    3    0    1
 -2        87        88       113       118
 -1       348    3    0    1
 -2        87       113       112       118
 -1       349    3    0    1
 -2        88       113       118       119
 -1       350    3    0    1
 -2        88       118        93       119
 -1       351    3    0    1
 -2        88        93        94       119
 -1       352    3    0    1
 -2        88        94        89       119
 -1       353    3    0    1
 -2        88        89       114       119
 -1       354    3    0    1
 -2        88       114       113       119
 -1       355    3    0    1
 -2        89       114       119       120
 -1       356    3    0    1
 -2        89       119        94       120
 -1       357    3    0    1
 -2        89        94        95       120
 -1       358    3    0    1
 -2        89        95        90       120
 -1       359    3    0    1
 -2        89        90       115       120
 -1       360    3    0    1
 -2        89       115       114       120
 -1       361    3    0    1
 -2        91       116       121       122
 -1       362    3    0    1
 -2        91       121        96       122
 -1       363    3    0    1
 -2        91        96        97       122
 -1       364    3    0    1
 -2        91        97        92       122
 -1       365    3    0    1
 -2        91        92       117       122
 -1       366    3    0    1
 -2        91       117       116       122
 -1       367    3    0    1
 -2        92       117       122       123
 -1       368    3    0    1
 -2        92       122        97       123
 -1       369    3    0    1
 -2        92        97        98       123
 -1       370    3    0    1
 -2        92        98        93       123
 -1       371    3    0    1
 -2        92        93       118       123
 -1       372    3    0    1
 -2        92       118       117       123
 -1       373    3    0    1
 -2        93       118       123       124
 -1       374    3    0    1
 -2        93       123        98       124
 -1       375    3    0    1
 -2        93        98        99       124
 -1       376    3    0    1
 -2        93        99        94       124
 -1       377    3    0    1
 -2        93        94       119       124
 -1       378    3    0    1
 -2        93       119       118       124
 -1       379    3    0    1
 -2        94       119       124       125
 -1       380    3    0    1
 -2        94       124        99       125
 -1       381    3    0    1
 -2        94        99       100       125
 -1       382    3    0    1
 -2        94       100        95       125
 -1       383    3    0    1
 -2        94        95       120       125
 -1       384    3    0    1
 -2        94       120       119       125
 -1       385    3    0    1
 -2       101       126       131       132
 -1       386    3    0    1
 -2       101       131       106       132
 -1       387    3    0    1
 -2       101       106       107       132
 -1       388    3    0    1
 -2       101       107       102       132
 -1       389    3    0    1
 -2       101       102       127       132
 -1       390    3    0    1
 -2       101       127       126       132
 -1       391    3    0    1
 -2       102       127       132       133
 -1       392    3    0    1
 -2       102       132       107       133
 -1       393    3    0    1
 -2       102       107       108       133
 -1       394    3    0    1
 -2       102       108       103       133
 -1       395    3    0    1
 -2       102       103       128       133
 -1       396    3    0    1
 -2       102       128       127       133
 -1       397    3    0    1
 -2       103       128       133       134
 -1       398    3    0    1
 -2       103       133       108       134
 -1       399    3    0    1
 -2       103       108       109       134
 -1       400    3    0    1
 -2       103       109       104       134
 -1       401    3    0    1
 -2       103       104       129       134
 -1       402    3    0    1
 -2       103       129       128       134
 -1       403    3    0    1
 -2       104       129       134       135
 -1       404    3    0    1
 -2       104       134       109       135
 -1       405    3    0    1
 -2       104       109       110       135
 -1       406    3    0    1
 -2       104       110       105       135
 -1       407    3    0    1
 -2       104       105       130       135
 -1       408    3    0    1
 -2       104       130       129       135
 -1       409    3    0    1
 -2       106       131       136       137
 -1       410    3    0    1
 -2       106       136       111       137
 -1       411    3    0    1
 -2       106       111       112       137
 -1       412    3    0    1
 -2       106       112       107       137
 -1       413    3    0    1
 -2       106       107       132       137
 -1       414    3    0    1
 -2       106       132       131       137
 -1       415    3    0    1
 -2       107       132       137       138
 -1       416    3    0    1
 -2       107       137       112       138
 -1       417    3    0    1
 -2       107       112       113       138
 -1       418    3    0    1
 -2       107       113       108       138
 -1       419    3    0    1
 -2       107       108       133       138
 -1       420    3    0    1
 -2       107       133       132       138
 -1       421    3    0    1
 -2       108       133       138       139
 -1       422    3    0    1
 -2       108       138       113       139
 -1       423    3    0    1
 -2       108       113       114       139
 -1       424    3    0    1
 -2       108       114       109       139
 -1       425    3    0    1
 -2       108       109       134       139
 -1       426    3    0    1
 -2       108       134       133       139
 -1       427    3    0    1
 -2       109       134       139       140
 -1       428    3    0    1
 -2       109       139       114       140
 -1       429    3    0    1
 -2       109       114       115       140
 -1       430    3    0    1
 -2       109       115       110       140
 -1       431    3    0    1
 -2       109       110       135       140
 -1       432    3    0    1
 -2       109       135       134       140
 -1       433    3    0    1
 -2       111       136       141       142
 -1       434    3    0    1
 -2       111       141       116       142
 -1       435    3    0    1
 -2       111       116       117       142
 -1       436    3    0    1
 -2       111       117       112       142
 -1       437    3    0    1
 -2       111       112       137       142
 -1       438    3    0    1
 -2       111       137       136       142
 -1       439    3    0    1
 -2       112       137       142       143
 -1       440    3    0    1
 -2       112       142       117       143
 -1       441    3    0    1
 -2       112       117       118       143
 -1       442    3    0    1
 -2       112       118       113       143
 -1       443    3    0    1
 -2       112       113       138       143
 -1       444    3    0    1
 -2       112       138       137       143
 -1       445    3    0    1
 -2       113       138       143       144
 -1       446    3    0    1
 -2       113       143       118       144
 -1       447    3    0    1
 -2       113       118       119       144
 -1       448    3    0    1
 -2       113       119       114       144
 -1       449    3    0    1
 -2       113       114       139       144
 -1       450    3    0    1
 -2       113       139       138       144
 -1       451    3    0    1
 -2       114       139       144       145
 -1       452    3    0    1
 -2       114       144       119       145
 -1       453    3    0    1
 -2       114       119       120       145
 -1       454    3    0    1
 -2       114       120       115       145
 -1       455    3    0    1
 -2       114       115       140       145
 -1       456    3    0    1
 -2       114       140       139       145
 -1       457    3    0    1
 -2       116       141       146       147
 -1       458    3    0    1
 -2       116       146       121       147
 -1       459    3    0    1
 -2       116       121       122       147
 -1       460    3    0    1
 -2       116       122       117       147
 -1       461    3    0    1
 -2       116       117       142       147
 -1       462    3    0    1
 -2       116       142       141       147
 -1       463    3    0    1
 -2       117       142       147       148
 -1       464    3    0    1
 -2       117       147       122       148
 -1       465    3    0    1
 -2       117       122       123       148
 -1       466    3    0    1
 -2       117       123       118       148
 -1       467    3    0    1
 -2       117       118       143       148
 -1       468    3    0    1
 -2       117       143       142       148
 -1       469    3    0    1
 -2       118       143       148       149
 -1       470    3    0    1
 -2       118       148       123       149
 -1       471    3    0    1
 -2       118       123       124       149
 -1       472    3    0    1
 -2       118       124       119       149
 -1       473    3    0    1
 -2       118       119       144       149
 -1       474    3    0    1
 -2       118       144       143       149
 -1       475    3    0    1
 -2       119       144       149       150
 -1       476    3    0    1
 -2       119       149       124       150
 -1       477    3    0    1
 -2       119       124       125       150
 -1       478    3    0    1
 -2       119       125       120       150
 -1       479    3    0    1
 -2       119       120       145       150
 -1       480    3    0    1
 -2       119       145       144       150
 -1       481    3    0    1
 -2       126       151       156       157
 -1       482    3    0    1
 -2       126       156       131       157
 -1       483    3    0    1
 -2       126       131       132       157
 -1       484    3    0    1
 -2       126       132       127       157
 -1       485    3    0    1
 -2       126       127       152       157
 -1       486    3    0    1
 -2       126       152       151       157
 -1       487    3    0    1
 -2       127       152       157       158
 -1       488    3    0    1
 -2       127       157       132       158
 -1       489    3    0    1
 -2       127       132       133       158
 -1       490    3    0    1
 -2       127       133       128       158
 -1       491    3    0    1
 -2       127       128       153       158
 -1       492    3    0    1
 -2       127       153       152       158
 -1       493    3    0    1
 -2       128       153       158       159
 -1       494    3    0    1
 -2       128       158       133       159
 -1       495    3    0    1
 -2       128       133       134       159
 -1       496    3    0    1
 -2       128       134       129       159
 -1       497    3    0    1
 -2       128       129       154       159
 -1       498    3    0    1
 -2       128       154       153       159
 -1       499    3    0    1
 -2       129       154       159       160
 -1       500    3    0    1
 -2       129       159       134       160
 -1       501    3    0    1
 -2       129       134       135       160
 -1       502    3    0    1
 -2       129       135       130       160
 -1       503    3    0    1
 -2       129       130       155       160
 -1       504    3    0    1
 -2       129       155       154       160
 -1       505    3    0    1
 -2       131       156       161       162
 -1       506    3    0    1
 -2       131       161       136       162
 -1       507    3    0    1
 -2       131       136       137       162
 -1       508    3    0    1
 -2       131       137       132       162
 -1       509    3    0    1
 -2       131       132       157       162
 -1       510    3    0    1
 -2       131       157       156       162
 -1       511    3    0    1
 -2       132       157       162       163
 -1       512    3    0    1
 -2       132       162       137       163
 -1       513    3    0    1
 -2       132       137       138       163
 -1       514    3    0    1
 -2       132       138       133       163
 -1       515    3    0    1
 -2       132       133       158       163
 -1       516    3    0    1
 -2       132       158       157       163
 -1       517    3    0    1
 -2       133       158       163       164
 -1       518    3    0    1
 -2       133       163       138       164
 -1       519    3    0    1
 -2       133       138       139       164
 -1       520    3    0    1
 -2       133       139       134       164
 -1       521    3    0    1
 -2       133       134       159       164
 -1       522    3    0    1
 -2       133       159       158       164
 -1       523    3    0    1
 -2       134       159       164       165
 -1       524    3    0    1
 -2       134       164       139       165
 -1       525    3    0    1
 -2       134       139       140       165
 -1       526    3    0    1
 -2       134       140       135       165
 -1       527    3    0    1
 -2       134       135       160       165
 -1       528    3    0    1
 -2       134       160       159       165
 -1       529    3    0    1
 -2       136       161       166       167
 -1       530    3    0    1
 -2       136       166       141       167
 -1       531    3    0    1
 -2       136       141       142       167
 -1       532    3    0    1
 -2       136       142       137       167
 -1       533    3    0    1
 -2       136       137       162       167
 -1       534    3    0    1
 -2       136       162       161       167
 -1       535    3    0    1
 -2       137       162       167       168
 -1       536    3    0    1
 -2       137       167       142       168
 -1       537    3    0    1
 -2       137       142       143       168
 -1       538    3    0    1
 -2       137       143       138       168
 -1       539    3    0    1
 -2       137       138       163       168
 -1       540    3    0    1
 -2       137       163       162       168
 -1       541    3    0    1
 -2       138       163       168       169
 -1       542    3    0    1
 -2       138       168       143       169
 -1       543    3    0    1
 -2       138       143       144       169
 -1       544    3    0    1
 -2       138       144       139       169
 -1       545    3    0    1
 -2       138       139       164       169
 -1       546    3    0    1
 -2       138       164       163       169
 -1       547    3    0    1
 -2       139       164       169       170
 -1       548    3    0    1
 -2       139       169       144       170
 -1       549    3    0    1
 -2       139       144       145       170
 -1       550    3    0    1
 -2       139       145       140       170
 -1       551    3    0    1
 -2       139       140       165       170
 -1       552    3    0    1
 -2       139       165       164       170
 -1       553    3    0    1
 -2       141       166       171       172
 -1       554    3    0    1
 -2       141       171       146       172
 -1       555    3    0    1
 -2       141       146       147       172
 -1       556    3    0    1
 -2       141       147       142       172
 -1       557    3    0    1
 -2       141       142       167       172
 -1       558    3    0    1
 -2       141       167       166       172
 -1       559    3    0    1
 -2       142       167       172       173
 -1       560    3    0    1
 -2       142       172       147       173
 -1       561    3    0    1
 -2       142       147       148       173
 -1       562    3    0    1
 -2       142       148       143       173
 -1       563    3    0    1
 -2       142       143       168       173
 -1       564    3    0    1
 -2       142       168       167       173
 -1       565    3    0    1
 -2       143       168       173       174
 -1       566    3    0    1
 -2       143       173       148       174
 -1       567    3    0    1
 -2       143       148       149       174
 -1       568    3    0    1
 -2       143       149       144       174
 -1       569    3    0    1
 -2       143       144       169       174
 -1       570    3    0    1
 -2       143       169       168       174
 -1       571    3    0    1
 -2       144       169       174       175
 -1       572    3    0    1
 -2       144       174       149       175
 -1       573    3    0    1
 -2       144       149       150       175
 -1       574    3    0    1
 -2       144       150       145       175
 -1       575    3    0    1
 -2       144       145       170       175
 -1       576    3    0    1
 -2       144       170       169       175
 -1       577    3    0    1
 -2       151       176       181       182
 -1       578    3    0    1
 -2       151       181       156       182
 -1       579    3    0    1
 -2       151       156       157       182
 -1       580    3    0    1
 -2       151       157       152       182
 -1       581    3    0    1
 -2       151       152       177       182
 -1       582    3    0    1
 -2       151       177       176       182
 -1       583    3    0    1
 -2       152       177       182       183
 -1       584    3    0    1
 -2       152       182       157       183
 -1       585    3    0    1
 -2       152       157       158       183
 -1       586    3    0    1
 -2       152       158       153       183
 -1       587    3    0    1
 -2       152       153       178       183
 -1       588    3    0    1
 -2       152       178       177       183
 -1       589    3    0    1
 -2       153       178       183       184
 -1       590    3    0    1
 -2       153       183       158       184
 -1       591    3    0    1
 -2       153       158       159       184
 -1       592    3    0    1
 -2       153       159       154       184
 -1       593    3    0    1
 -2       153       154       179       184
 -1       594    3    0    1
 -2       153       179       178       184
 -1       595    3    0    1
 -2       154       179       184       185
 -1       596    3    0    1
 -2       154       184       159       185
 -1       597    3    0    1
 -2       154       159       160       185
 -1       598    3    0    1
 -2       154       160       155       185
 -1       599    3    0    1
 -2       154       155       180       185
 -1       600    3    0    1
 -2       154       180       179       185
 -1       601    3    0    1
 -2       156       181       186       187
 -1       602    3    0    1
 -2       156       186       161       187
 -1       603    3    0    1
 -2       156       161       162       187
 -1       604    3    0    1
 -2       156       162       157       187
 -1       605    3    0    1
 -2       156       157       182       187
 -1       606    3    0    1
 -2       156       182       181       187
 -1       607    3    0    1
 -2       157       182       187       188
 -1       608    3    0    1
 -2       157       187       162       188
 -1       609    3    0    1
 -2       157       162       163       188
 -1       610    3    0    1
 -2       157       163       158       188
 -1       611    3    0    1
 -2       157       158       183       188
 -1       612    3    0    1
 -2       157       183       182       188
 -1       613    3    0    1
 -2       158       183       188       189
 -1       614    3    0    1
 -2       158       188       163       189
 -1       615    3    0    1
 -2       158       163       164       189
 -1       616    3    0    1
 -2       158       164       159       189
 -1       617    3    0    1
 -2       158       159       184       189
 -1       618    3    0    1
 -2       158       184       183       189
 -1       619    3    0    1
 -2       159       184       189       190
 -1       620    3    0    1
 -2       159       189       164       190
 -1       621    3    0    1
 -2       159       164       165       190
 -1       622    3    0    1
 -2       159       165       160       190
 -1       623    3    0    1
 -2       159       160       185       190
 -1       624    3    0    1
 -2       159       185       184       190
 -1       625    3    0    1
 -2       161       186       191       192
 -1       626    3    0    1
 -2       161       191       166       192
 -1       627    3    0    1
 -2       161       166       167       192
 -1       628    3    0    1
 -2       161       167       162       192
 -1       629    3    0    1
 -2       161       162       187       192
 -1       630    3    0    1
 -2       161       187       186       192
 -1       631    3    0    1
 -2       162       187       192       193
 -1       632    3    0    1
 -2       162       192       167       193
 -1       633    3    0    1
 -2       162       167       168       193
 -1       634    3    0    1
 -2       162       168       163       193
 -1       635    3    0    1
 -2       162       163       188       193
 -1       636    3    0    1
 -2       162       188       187       193
 -1       637    3    0    1
 -2       163       188       193       194
 -1       638    3    0    1
 -2       163       193       168       194
 -1       639    3    0    1
 -2       163       168       169       194
 -1       640    3    0    1
 -2       163       169       164       194
 -1       641    3    0    1
 -2       163       164       189       194
 -1       642    3    0    1
 -2       163       189       188       194
 -1       643    3    0    1
 -2       164       189       194       195
 -1       644    3    0    1
 -2       164       194       169       195
 -1       645    3    0    1
 -2       164       169       170       195
 -1       646    3    0    1
 -2       164       170       165       195
 -1       647    3    0    1
 -2       164       165       190       195
 -1       648    3    0    1
 -2       164       190       189       195
 -1       649    3    0    1
 -2       166       191       196       197
 -1       650    3    0    1
 -2       166       196       171       197
 -1       651    3    0    1
 -2       166       171       172       197
 -1       652    3    0    1
 -2       166       172       167       197
 -1       653    3    0    1
 -2       166       167       192       197
 -1       654    3    0    1
 -2       166       192       191       197
 -1       655    3    0    1
 -2       167       192       197       198
 -1       656    3    0    1
 -2       167       197       172       198
 -1       657    3    0    1
 -2       167       172       173       198
 -1       658    3    0    1
 -2       167       173       168       198
 -1       659    3    0    1
 -2       167       168       193       198
 -1       660    3    0    1
 -2       167       193       192       198
 -1       661    3    0    1
 -2       168       193       198       199
 -1       662    3    0    1
 -2       168       198       173       199
 -1       663    3    0    1
 -2       168       173       174       199
 -1       664    3    0    1
 -2       168       174       169       199
 -1       665    3    0    1
 -2       168       169       194       199
 -1       666    3    0    1
 -2       168       194       193       199
 -1       667    3    0    1
 -2       169       194       199       200
 -1       668    3    0    1
 -2       169       199       174       200
 -1       669    3    0    1
 -2       169       174       175       200
 -1       670    3    0    1
 -2       169       175       170       200
 -1       671    3    0    1
 -2       169       170       195       200
 -1       672    3    0    1
 -2       169       195       194       200
 -1       673    3    0    1
 -2       176       201       206       207
 -1       674    3    0    1
 -2       176       206       181       207
 -1       675    3    0    1
 -2       176       181       182       207
 -1       676    3    0    1
 -2       176       182       177       207
 -1       677    3    0    1
 -2       176       177       202       207
 -1       678    3    0    1
 -2       176       202       201       207
 -1       679    3    0    1
 -2       177       202       207       208
 -1       680    3    0    1
 -2       177       207       182       208
 -1       681    3    0    1
 -2       177       182       183       208
 -1       682    3    0    1
 -2       177       183       178       208
 -1       683    3    0    1
 -2       177       178       203       208
 -1       684    3    0    1
 -2       177       203       202       208
 -1       685    3    0    1
 -2       178       203       208       209
 -1       686    3    0    1
 -2       178       208       183       209
 -1       687    3    0    1
 -2       178       183       184       209
 -1       688    3    0    1
 -2       178       184       179       209
 -1       689    3    0    1
 -2       178       179       204       209
 -1       690    3    0    1
 -2       178       204       203       209
 -1       691    3    0    1
 -2       179       204       209       210
 -1       692    3    0    1
 -2       179       209       184       210
 -1       693    3    0    1
 -2       179       184       185       210
 -1       694    3    0    1
 -2       179       185       180       210
 -1       695    3    0    1
 -2       179       180       205       210
 -1       696    3    0    1
 -2       179       205       204       210
 -1       697    3    0    1
 -2       181       206       211       212
 -1       698    3    0    1
 -2       181       211       186       212
 -1       699    3    0    1
 -2       181       186       187       212
 -1       700    3    0    1
 -2       181       187       182       212
 -1       701    3    0    1
 -2       181       182       207       212
 -1       702    3    0    1
 -2       181       207       206       212
 -1       703    3    0    1
 -2       182       207       212       213
 -1       704    3    0    1
 -2       182       212       187       213
 -1       705    3    0    1
 -2       182       187       188       213
 -1       706    3    0    1
 -2       182       188       183       213
 -1       707    3    0    1
 -2       182       183       208       213
 -1       708    3    0    1
 -2       182       208       207       213
 -1       709    3    0    1
 -2       183       208       213       214
 -1       710    3    0    1
 -2       183       213       188       214
 -1       711    3    0    1
 -2       183       188       189       214
 -1       712    3    0    1
 -2       183       189       184       214
 -1       713    3    0    1
 -2       183       184       209       214
 -1       714    3    0    1
 -2       183       209       208       214
 -1       715    3    0    1
 -2       184       209       214       215
 -1       716    3    0    1
 -2       184       214       189       215
 -1       717    3    0    1
 -2       184       189       190       215
 -1       718    3    0    1
 -2       184       190       185       215
 -1       719    3    0    1
 -2       184       185       210       215
 -1       720    3    0    1
 -2       184       210       209       215
 -1       721    3    0    1
 -2       186       211       216       217
 -1       722    3    0    1
 -2       186       216       191       217
 -1       723    3    0    1
 -2       186       191       192       217
 -1       724    3    0    1
 -2       186       192       187       217
 -1       725    3    0    1
 -2       186       187       212       217
 -1       726    3    0    1
 -2       186       212       211       217
 -1       727    3    0    1
 -2       187       212       217       218
 -1       728    3    0    1
 -2       187       217       192       218
 -1       729    3    0    1
 -2       187       192       193       218
 -1       730    3    0    1
 -2       187       193       188       218
 -1       731    3    0    1
 -2       187       188       213       218
 -1       732    3    0    1
 -2       187       213       212       218
 -1       733    3    0    1
 -2       188       213       218       219
 -1       734    3    0    1
 -2       188       218       193       219
 -1       735    3    0    1
 -2       188       193       194       219
 -1       736    3    0    1
 -2       188       194       189       219
 -1       737    3    0    1
 -2       188       189       214       219
 -1       738    3    0    1
 -2       188       214       213       219
 -1       739    3    0    1
 -2       189       214       219       220
 -1       740    3    0    1
 -2       189       219       194       220
 -1       741    3    0    1
 -2       189       194       195       220
 -1       742    3    0    1
 -2       189       195       190       220
 -1       743    3    0    1
 -2       189       190       215       220
 -1       744    3    0    1
 -2       189       215       214       220
 -1       745    3    0    1
 -2       191       216       221       222
 -1       746    3    0    1
 -2       191       221       196       222
 -1       747    3    0    1
 -2       191       196       197       222
 -1       748    3    0    1
 -2       191       197       192       222
 -1       749    3    0    1
 -2       191       192       217       222
 -1       750    3    0    1
 -2       191       217       216       222
 -1       751    3    0    1
 -2       192       217       222       223
 -1       752    3    0    1
 -2       192       222       197       223
 -1       753    3    0    1
 -2       192       197       198       223
 -1       754    3    0    1
 -2       192       198       193       223
 -1       755    3    0    1
 -2       192       193       218       223
 -1       756    3    0    1
 -2       192       218       217       223
 -1       757    3    0    1
 -2       193       218       223       224
 -1       758    3    0    1
 -2       193       223       198       224
 -1       759    3    0    1
 -2       193       198       199       224
 -1       760    3    0    1
 -2       193       199       194       224
 -1       761    3    0    1
 -2       193       194       219       224
 -1       762    3    0    1
 -2       193       219       218       224
 -1       763    3    0    1
 -2       194       219       224       225
 -1       764    3    0    1
 -2       194       224       199       225
 -1       765    3    0    1
 -2       194       199       200       225
 -1       766    3    0    1
 -2       194       200       195       225
 -1       767    3    0    1
 -2       194       195       220       225
 -1       768    3    0    1
 -2       194       220       219       225
 -3
    1PSTEP                         1           1           1          
  100CL  101 1.000000000         225                     0    1           1
 -4  DISP        4    1
 -5  D1          1    2    1    0
 -5  D2          1    2    2    0
 -5  D3          1    2    3    0
 -5  ALL         1    2    0    0    1ALL
 -1         1-4.02818E-02 7.94841E-03 7.94841E-03
 -1         2-4.65716E-02 7.14544E-03 4.85116E-03
 -1         3-2.66463E-02 2.76071E-04 5.25778E-03
 -1         4-1.63112E-02-2.79581E-03 3.65630E-03
 -1         5-9.86212E-03-3.05959E-03 3.47323E-03
 -1         6-4.65716E-02 4.85116E-03 7.14544E-03
 -1         7-9.25574E-02 9.84515E-04 9.84515E-04
 -1         8-3.44672E-02-1.32232E-03 7.60605E-03
 -1         9-2.25280E-02-4.12583E-03 3.81833E-03
 -1        10-1.57386E-02-4.04955E-03 3.16818E-03
 -1        11-2.66463E-02 5.25778E-03 2.76071E-04
 -1        12-3.44672E-02 7.60605E-03-1.32232E-03
 -1        13-3.09730E-02 1.04324E-03 1.04324E-03
 -1        14-3.54210E-02-5.69920E-03-2.50808E-03
 -1        15-2.63870E-02-7.06806E-03-1.13357E-03
 -1        16-1.63112E-02 3.65630E-03-2.79581E-03
 -1        17-2.25280E-02 3.81833E-03-4.12583E-03
 -1        18-3.54210E-02-2.50808E-03-5.69920E-03
 -1        19-9.56600E-02-1.18500E-02-1.18500E-02
 -1        20-4.78436E-02-1.25948E-02-2.12170E-03
 -1        21-9.86212E-03 3.47323E-03-3.05959E-03
 -1        22-1.57386E-02 3.16818E-03-4.04955E-03
 -1        23-2.63870E-02-1.13357E-03-7.06806E-03
 -1        24-4.78436E-02-2.12170E-03-1.25948E-02
 -1        25-3.77978E-02-1.95166E-03-1.95166E-03
 -1        26-3.69752E-02 9.66104E-03 9.66104E-03
 -1        27-4.28160E-02 9.28016E-03 2.60230E-03
 -1        28-2.61226E-02 3.77590E-03 1.95191E-05
 -1        29-1.60116E-02 3.97339E-04-4.34448E-04
 -1        30-1.00742E-02 1.48745E-05-3.62958E-04
 -1        31-4.28160E-02 2.60230E-03 9.28016E-03
 -1        32-6.69117E-02 4.35408E-03 4.35408E-03
 -1        33-3.28869E-02 2.39570E-03-2.78938E-04
 -1        34-2.14628E-02-2.55983E-04-5.68670E-04
 -1        35-1.54517E-02-3.00742E-04-8.66469E-04
 -1        36-2.61226E-02 1.95191E-05 3.77590E-03
 -1        37-3.28869E-02-2.78938E-04 2.39570E-03
 -1        38-3.06824E-02-1.11311E-03-1.11311E-03
 -1        39-3.27130E-02-1.48337E-03-3.70032E-03
 -1        40-2.60126E-02-1.30861E-03-4.81608E-03
 -1        41-1.60116E-02-4.34448E-04 3.97339E-04
 -1        42-2.14628E-02-5.68670E-04-2.55983E-04
 -1        43-3.27130E-02-3.70032E-03-1.48337E-03
 -1        44-6.88394E-02-6.09748E-03-6.09748E-03
 -1        45-4.58332E-02-4.41974E-03-1.18396E-02
 -1        46-1.00742E-02-3.62958E-04 1.48745E-05
 -1        47-1.54517E-02-8.66469E-04-3.00742E-04
 -1        48-2.60126E-02-4.81608E-03-1.30861E-03
 -1        49-4.58332E-02-1.18396E-02-4.41974E-03
 -1        50-4.28682E-02-1.19100E-02-1.19100E-02
 -1        51-3.27891E-02 8.98479E-03 8.98479E-03
 -1        52-3.66973E-02 8.81814E-03 2.20473E-03
 -1        53-2.41132E-02 5.37074E-03-2.11252E-03
 -1        54-1.54901E-02 2.97684E-03-3.24472E-03
 -1        55-1.06111E-02 2.54092E-03-3.41104E-03
 -1        56-3.66973E-02 2.20473E-03 8.81814E-03
 -1        57-4.88900E-02 4.42577E-03 4.42577E-03
 -1        58-2.86312E-02 3.25802E-03-1.96326E-03
 -1        59-1.99882E-02 2.08914E-03-3.26108E-03
 -1        60-1.51209E-02 2.21149E-03-3.83370E-03
 -1        61-2.41132E-02-2.11252E-03 5.37074E-03
 -1        62-2.86312E-02-1.96326E-03 3.25802E-03
 -1        63-2.68884E-02-9.49771E-04-9.49771E-04
 -1        64-2.86182E-02 1.88159E-04-4.20873E-03
 -1        65-2.43372E-02 1.06578E-03-6.43014E-03
 -1        66-1.54901E-02-3.24472E-03 2.97684E-03
 -1        67-1.99882E-02-3.26108E-03 2.08914E-03
 -1        68-2.86182E-02-4.20873E-03 1.88159E-04
 -1        69-5.05546E-02-4.42634E-03-4.42634E-03
 -1        70-3.95736E-02-2.77764E-03-1.13912E-02
 -1        71-1.06111E-02-3.41104E-03 2.54092E-03
 -1        72-1.51209E-02-3.83370E-03 2.21149E-03
 -1        73-2.43372E-02-6.43014E-03 1.06578E-03
 -1        74-3.95736E-02-1.13912E-02-2.77764E-03
 -1        75-3.79997E-02-1.11186E-02-1.11186E-02
 -1        76-2.78082E-02 7.87896E-03 7.87896E-03
 -1        77-2.99434E-02 7.85991E-03 2.02456E-03
 -1        78-2.08753E-02 5.90037E-03-2.66053E-03
 -1        79-1.42573E-02 4.52216E-03-4.60048E-03
 -1        80-1.08572E-02 4.14987E-03-5.31415E-03
 -1        81-2.99434E-02 2.02456E-03 7.85991E-03
 -1        82-3.58049E-02 3.75734E-03 3.75734E-03
 -1        83-2.34898E-02 3.40207E-03-2.14105E-03
 -1        84-1.75248E-02 3.24598E-03-4.39144E-03
 -1        85-1.41879E-02 3.51651E-03-5.56937E-03
 -1        86-2.08753E-02-2.66053E-03 5.90037E-03
 -1        87-2.34898E-02-2.14105E-03 3.40207E-03
 -1        88-2.21731E-02-6.06977E-04-6.06977E-04
 -1        89-2.37372E-02 8.78212E-04-4.16647E-03
 -1        90-2.14564E-02 1.83136E-03-6.93072E-03
 -1        91-1.42573E-02-4.60048E-03 4.52216E-03
 -1        92-1.75248E-02-4.39144E-03 3.24598E-03
 -1        93-2.37372E-02-4.16647E-03 8.78212E-04
 -1        94-3.72639E-02-3.55234E-03-3.55234E-03
 -1        95-3.23696E-02-2.25656E-03-9.61202E-03
 -1        96-1.08572E-02-5.31415E-03 4.14987E-03
 -1        97-1.41879E-02-5.56937E-03 3.51651E-03
 -1        98-2.14564E-02-6.93072E-03 1.83136E-03
 -1        99-3.23696E-02-9.61202E-03-2.25656E-03
 -1       100-3.16145E-02-9.28631E-03-9.28631E-03
 -1       101-2.23267E-02 6.84016E-03 6.84016E-03
 -1       102-2.32157E-02 6.92433E-03 1.84845E-03
 -1       103-1.69114E-02 5.92050E-03-2.53392E-03
 -1       104-1.22699E-02 5.22927E-03-4.91481E-03
 -1       105-1.03968E-02 4.94470E-03-6.16061E-03
 -1       106-2.32157E-02 1.84845E-03 6.92433E-03
 -1       107-2.57589E-02 3.07052E-03 3.07052E-03
 -1       108-1.81774E-02 3.26867E-03-1.91876E-03
 -1       109-1.43208E-02 3.64622E-03-4.57712E-03
 -1       110-1.24833E-02 3.95992E-03-6.26828E-03
 -1       111-1.69114E-02-2.53392E-03 5.92050E-03
 -1       112-1.81774E-02-1.91876E-03 3.26867E-03
 -1       113-1.72137E-02-3.48126E-04-3.48126E-04
 -1       114-1.85550E-02 1.13449E-03-3.83494E-03
 -1       115-1.77365E-02 1.94202E-03-6.83086E-03
 -1       116-1.22699E-02-4.91481E-03 5.22927E-03
 -1       117-1.43208E-02-4.57712E-03 3.64622E-03
 -1       118-1.85550E-02-3.83494E-03 1.13449E-03
 -1       119-2.69811E-02-2.92382E-03-2.92382E-03
 -1       120-2.52237E-02-1.96565E-03-8.05357E-03
 -1       121-1.03968E-02-6.16061E-03 4.94470E-03
 -1       122-1.24833E-02-6.26828E-03 3.95992E-03
 -1       123-1.77365E-02-6.83086E-03 1.94202E-03
 -1       124-2.52237E-02-8.05357E-03-1.96565E-03
 -1       125-2.51254E-02-7.76136E-03-7.76136E-03
 -1       126-1.66072E-02 5.88599E-03 5.88599E-03
 -1       127-1.67601E-02 6.04100E-03 1.62849E-03
 -1       128-1.25952E-02 5.59373E-03-2.11891E-03
 -1       129-9.65730E-03 5.28177E-03-4.53043E-03
 -1       130-9.14863E-03 5.06997E-03-6.19164E-03
 -1       131-1.67601E-02 1.62849E-03 6.04100E-03
 -1       132-1.76104E-02 2.47040E-03 2.47040E-03
 -1       133-1.29779E-02 2.94404E-03-1.56193E-03
 -1       134-1.06711E-02 3.52650E-03-4.16741E-03
 -1       135-1.01002E-02 3.81814E-03-6.18624E-03
 -1       136-1.25952E-02-2.11891E-03 5.59373E-03
 -1       137-1.29779E-02-1.56193E-03 2.94404E-03
 -1       138-1.22693E-02-1.57301E-04-1.57301E-04
 -1       139-1.33418E-02 1.16628E-03-3.30455E-03
 -1       140-1.35382E-02 1.78195E-03-6.35042E-03
 -1       141-9.65730E-03-4.53043E-03 5.28177E-03
 -1       142-1.06711E-02-4.16741E-03 3.52650E-03
 -1       143-1.33418E-02-3.30455E-03 1.16628E-03
 -1       144-1.85298E-02-2.37213E-03-2.37213E-03
 -1       145-1.84112E-02-1.68497E-03-6.80563E-03
 -1       146-9.14863E-03-6.19164E-03 5.06997E-03
 -1       147-1.01002E-02-6.18624E-03 3.81814E-03
 -1       148-1.35382E-02-6.35042E-03 1.78195E-03
 -1       149-1.84112E-02-6.80563E-03-1.68497E-03
 -1       150-1.87709E-02-6.52492E-03-6.52492E-03
 -1       151-1.08197E-02 4.83149E-03 4.83149E-03
 -1       152-1.06643E-02 5.01752E-03 1.28579E-03
 -1       153-8.19057E-03 4.83218E-03-1.56699E-03
 -1       154-6.56496E-03 4.69350E-03-3.56345E-03
 -1       155-7.14838E-03 4.54184E-03-5.53811E-03
 -1       156-1.06643E-02 1.28579E-03 5.01752E-03
 -1       157-1.07331E-02 1.84960E-03 1.84960E-03
 -1       158-8.06844E-03 2.36890E-03-1.14005E-03
 -1       159-6.82835E-03 2.93785E-03-3.25626E-03
 -1       160-7.19249E-03 3.17803E-03-5.40349E-03
 -1       161-8.19057E-03-1.56699E-03 4.83218E-03
 -1       162-8.06844E-03-1.14005E-03 2.36890E-03
 -1       163-7.55329E-03-1.93568E-05-1.93568E-05
 -1       164-8.28409E-03 1.03723E-03-2.51309E-03
 -1       165-9.12326E-03 1.46321E-03-5.44887E-03
 -1       166-6.56496E-03-3.56345E-03 4.69350E-03
 -1       167-6.82835E-03-3.25626E-03 2.93785E-03
 -1       168-8.28409E-03-2.51309E-03 1.03723E-03
 -1       169-1.12362E-02-1.74079E-03-1.74079E-03
 -1       170-1.19626E-02-1.28409E-03-5.60387E-03
 -1       171-7.14838E-03-5.53811E-03 4.54184E-03
 -1       172-7.19249E-03-5.40349E-03 3.17803E-03
 -1       173-9.12326E-03-5.44887E-03 1.46321E-03
 -1       174-1.19626E-02-5.60387E-03-1.28409E-03
 -1       175-1.25518E-02-5.28823E-03-5.28823E-03
 -1       176-5.11182E-03 3.26149E-03 3.26149E-03
 -1       177-4.98794E-03 3.40732E-03 7.33213E-04
 -1       178-3.92732E-03 3.27956E-03-9.38418E-04
 -1       179-3.14735E-03 3.21929E-03-1.94826E-03
 -1       180-4.29026E-03 3.16562E-03-4.00248E-03
 -1       181-4.98794E-03 7.33213E-04 3.40732E-03
 -1       182-4.84777E-03 1.04542E-03 1.04542E-03
 -1       183-3.66289E-03 1.41013E-03-6.78837E-04
 -1       184-3.07920E-03 1.79407E-03-1.79419E-03
 -1       185-3.85090E-03 1.95368E-03-3.67525E-03
 -1       186-3.92732E-03-9.38418E-04 3.27956E-03
 -1       187-3.66289E-03-6.78837E-04 1.41013E-03
 -1       188-3.36741E-03 2.63101E-05 2.63101E-05
 -1       189-3.64272E-03 6.93490E-04-1.33007E-03
 -1       190-4.63600E-03 9.26682E-04-3.73621E-03
 -1       191-3.14735E-03-1.94826E-03 3.21929E-03
 -1       192-3.07920E-03-1.79419E-03 1.79407E-03
 -1       193-3.64272E-03-1.33007E-03 6.93490E-04
 -1       194-4.86257E-03-8.79599E-04-8.79599E-04
 -1       195-5.83406E-03-6.66559E-04-3.87435E-03
 -1       196-4.29026E-03-4.00248E-03 3.16562E-03
 -1       197-3.85090E-03-3.67525E-03 1.95368E-03
 -1       198-4.63600E-03-3.73621E-03 9.26682E-04
 -1       199-5.83406E-03-3.87435E-03-6.66559E-04
 -1       200-6.36108E-03-3.52500E-03-3.52500E-03
 -1       201 0.00000E+00 0.00000E+00 0.00000E+00
 -1       202 0.00000E+00 0.00000E+00 0.00000E+00
 -1       203 0.00000E+00 0.00000E+00 0.00000E+00
 -1       204 0.00000E+00 0.00000E+00 0.00000E+00
 -1       205 0.00000E+00 0.00000E+00 0.00000E+00
 -1       206 0.00000E+00 0.00000E+00 0.00000E+00
 -1       207 0.00000E+00 0.00000E+00 0.00000E+00
 -1       208 0.00000E+00 0.00000E+00 0.00000E+00
 -1       209 0.00000E+00 0.00000E+00 0.00000E+00
 -1       210 0.00000E+00 0.00000E+00 0.00000E+00
 -1       211 0.00000E+00 0.00000E+00 0.00000E+00
 -1       212 0.00000E+00 0.00000E+00 0.00000E+00
 -1       213 0.00000E+00 0.00000E+00 0.00000E+00
 -1       214 0.00000E+00 0.00000E+00 0.00000E+00
 -1       215 0.00000E+00 0.00000E+00 0.00000E+00
 -1       216 0.00000E+00 0.00000E+00 0.00000E+00
 -1       217 0.00000E+00 0.00000E+00 0.00000E+00
 -1       218 0.00000E+00 0.00000E+00 0.00000E+00
 -1       219 0.00000E+00 0.00000E+00 0.00000E+00
 -1       220 0.00000E+00 0.00000E+00 0.00000E+00
 -1       221 0.00000E+00 0.00000E+00 0.00000E+00
 -1       222 0.00000E+00 0.00000E+00 0.00000E+00
 -1       223 0.00000E+00 0.00000E+00 0.00000E+00
 -1       224 0.00000E+00 0.00000E+00 0.00000E+00
 -1       225 0.00000E+00 0.00000E+00 0.00000E+00
 -3
 9999
