
# ------------------------------------------------------------------------------
Execution of code_aster

# ------------------------------------------------------------------------------
Prepare environment in /tmp/run_aster_94mgz0wc/proc.0

# ------------------------------------------------------------------------------
Command file #1 / 1

Content of the file to execute:
# coding=utf-8
import json
import numpy as np
from code_aster.Commands import *

DEBUT(CODE="OUI", ERREUR=_F(ALARME="EXCEPTION"))
mesh = LIRE_MAILLAGE(FORMAT="ASTER", UNITE=20)
model = AFFE_MODELE(MAILLAGE=mesh, AFFE=_F(GROUP_MA="SOLID", PHENOMENE="MECANIQUE", MODELISATION="3D"))
material = DEFI_MATERIAU(ELAS=_F(E=210000000000, NU=0.29999999999999999))
field = AFFE_MATERIAU(MAILLAGE=mesh, AFFE=_F(GROUP_MA="SOLID", MATER=material))
boundary = AFFE_CHAR_MECA(MODELE=model, DDL_IMPO=_F(GROUP_NO="ROOT", DX=0.0, DY=0.0, DZ=0.0))
force = AFFE_CHAR_MECA(MODELE=model, FORCE_NODALE=(
    _F(NOEUD="N2", FZ=-1000)
))
result = MECA_STATIQUE(MODELE=model, CHAM_MATER=field, EXCIT=(_F(CHARGE=boundary), _F(CHARGE=force)))
result = CALC_CHAMP(reuse=result, RESULTAT=result, FORCE=("REAC_NODA",))
depl = result.getField("DEPL", 1)
reac = result.getField("REAC_NODA", 1)
displacement = np.zeros((10, 3), dtype=float)
reaction = np.zeros((10, 3), dtype=float)
for node in range(10):
    group = "QF%03d" % node
    for component, name in enumerate(("DX", "DY", "DZ")):
        values, _ = depl.getValuesWithDescription(name, [group])
        if len(values) != 1:
            raise RuntimeError("Expected one displacement value for " + group)
        displacement[node, component] = float(values[0])
        values, _ = reac.getValuesWithDescription(name, [group])
        if len(values) != 1:
            raise RuntimeError("Expected one reaction value for " + group)
        reaction[node, component] = float(values[0])
with open("/work/aster_raw.json", "w", encoding="utf-8") as stream:
    json.dump({
        "status": "PASS",
        "family": "TET10",
        "element_type": "TETRA10",
        "modelisation": "3D",
        "displacement": displacement.tolist(),
        "reaction": reaction.tolist(),
    }, stream, indent=2, allow_nan=False)
FIN()



# ------------------------------------------------------------------------------
Command line #1:
    ulimit -c unlimited ; ulimit -t 1125 ; ( /opt/spack/opt/spack/linux-zen/python-3.11.14-b46uatqeae4oxf3zlavoyghidvlm47wc/bin/python3 -m mpi4py "/work/TET10.comm" --last --link="F::mail::/work/TET10.mail::D::20" --memory 4096.0 --tpmax 900 --numthreads 1 ; echo $? > _exit_code_ ) 2>&1 | tee -a fort.6
setting '--memory' value to 3686.40 MB (keyword RESERVE_MEMOIRE)
copying (shutil) '/work/TET10.mail' to 'fort.20'...
checking MPI initialization...
using COMM_WORLD.
MPI is initialized.
Ouverture en écriture du fichier ./vola.1

<INFO> Démarrage de l'exécution.

                        -- CODE_ASTER -- VERSION : EXPLOITATION (stable) --                         
                               Version 18.1.0 modifiée le 09/07/2026                                
                              révision spack-local - branche 'v18.1.0'                              
                                     Copyright EDF 1991 - 2026                                      
                                                                                                    
                              Exécution du : Wed Sep 23 08:35:51 2026                               
                                  Nom de la machine : 6620b9186119                                  
                                        Architecture : 64bit                                        
                                    Type de processeur : x86_64                                     
       Système d'exploitation : Linux-6.18.33.2-microsoft-standard-WSL2-x86_64-with-glibc2.36       
                                  Langue des messages : en (UTF-8)                                  
                                    Version de Python : 3.11.14                                     
                                     Version de NumPy : 1.26.4                                      
                                      Parallélisme MPI : actif                                      
                                   Rang du processeur courant : 0                                   
                               Nombre de processeurs MPI utilisés : 1                               
                                    Parallélisme OpenMP : actif                                     
                              Nombre de processus OpenMP utilisés : 1                               
                               Version de la librairie HDF5 : 1.10.7                                
                                Version de la librairie MED : 4.2.0                                 
                               Version de la librairie MFront : 5.0.0                               
                               Version de la librairie MUMPS : 5.6.2                                
                              Version de la librairie PETSc : 3.24.0p0                              
                              Version de la librairie SCOTCH : 7.0.10                               

starting the execution...

 ╔================================================================================================╗
 ║ <I> <SUPERVIS_22>                                                                              ║
 ║                                                                                                ║
 ║ Les mots-clés CODE et DEBUG dans DEBUT/POURSUITE sont réservés aux cas-tests.                  ║
 ║ De même pour l'option, "--test" de CA.init().                                                  ║
 ║ Il ne faut pas les utiliser dans les études car ils modifient certaines valeurs par            ║
 ║ défaut des commandes DEBUT/POURSUITE qui ont des conséquences sur le comportement              ║
 ║ en cas d'erreur ou sur les performances.                                                       ║
 ╚================================================================================================╝

Valeur initiale du temps CPU maximum =   900 secondes
  Valeur du temps CPU maximum passé aux commandes =   890 secondes
  Réserve CPU prévue = 10 secondes

Ouverture en écriture du fichier ./glob.1

Ouverture en écriture du fichier ./vola.1

Ouverture en lecture du fichier
/opt/spack/opt/spack/linux-zen/code-aster-18.1.0-owafurl325k3dbxls3s645zyfmvakxsg/lib64/elem.1

Nom de la base                          :  ELEMBASE
     Créée avec la version                   :  18.01.00
     Nombre d'enregistrements utilisés       :  50
     Nombre d'enregistrements maximum        :  512
     Nombre d'enregistrements par fichier    :  512
     Longueur d'enregistrement (octets)      :  819200
     Nombre d'identificateurs utilisés       :  123
     Taille maximum du répertoire            :  300
     Pourcentage d'utilisation du répertoire :  41 %

Ouverture en lecture du fichier
/opt/spack/opt/spack/linux-zen/code-aster-18.1.0-owafurl325k3dbxls3s645zyfmvakxsg/lib64/elem.1

Nom de la base                          :  ELEMBASE
     Nombre d'enregistrements utilisés       :  50
     Nombre d'enregistrements maximum        :  512
     Nombre d'enregistrements par fichier    :  512
     Longueur d'enregistrement (octets)      :  819200
     Nombre total d'accès en lecture         :  68
     Volume des accès en lecture             :         53.12 Mo.
     Nombre total d'accès en écriture        :  0
     Volume des accès en écriture            :          0.00 Mo.
     Nombre d'identificateurs utilisés       :  123
     Taille maximum du répertoire            :  300
     Pourcentage d'utilisation du répertoire :  41 %

Relecture des catalogues des éléments faite.

Fin de lecture (durée  0.041123  s.) 

                      Mémoire limite pour l'allocation dynamique : 4249.19 Mo                       
                         ajouté à l'initialisation du processus : 646.96 Mo                         
                               Limite cible du processus : 4896.15 Mo                               
                         Taille limite des fichiers d'échange : 2048.00 Go                          
# Mémoire (Mo) :   646.96 /   637.73 /   212.46 /   185.43 (VmPeak / VmSize / Optimum / Minimum)
# Fin commande #0001   user+syst:        0.04s (syst:        0.20s, elaps:        0.24s)
# ----------------------------------------------------------------------------------------------

.. _stg1_txt7
# ----------------------------------------------------------------------------------------------
# Commande #0002 de /work/TET10.comm, ligne 7
mesh = LIRE_MAILLAGE(FORMAT='ASTER',
                     INFO=1,
                     UNITE=20,
                     VERI_MAIL=_F(APLAT=0.001,
                                  VERIF='OUI'))

Vérification du maillage.


------------ MAILLAGE 00000001 - IMPRESSIONS NIVEAU  1 ------------

WP12 external correlation TET10                                                 

NOMBRE DE NOEUDS                          10

NOMBRE DE MAILLES                          1
                              TETRA10                 1

NOMBRE DE GROUPES DE NOEUDS               13

NOMBRE DE GROUPES DE MAILLES               1

--------------------------------------------------------------------------------

# Résultat commande #0002 (LIRE_MAILLAGE): mesh ('<00000001>') de type <Mesh>
# Mémoire (Mo) :   646.96 /   638.62 /   212.46 /   185.43 (VmPeak / VmSize / Optimum / Minimum)
# Fin commande #0002   user+syst:        0.00s (syst:        0.00s, elaps:        0.01s)
# ----------------------------------------------------------------------------------------------

.. _stg1_txt8
# ----------------------------------------------------------------------------------------------
# Commande #0003 de /work/TET10.comm, ligne 8
model = AFFE_MODELE(AFFE=_F(GROUP_MA='SOLID',
                            MODELISATION='3D',
                            PHENOMENE='MECANIQUE'),
                    DISTRIBUTION=_F(METHODE='SOUS_DOMAINE',
                                    PARTITIONNEUR='METIS'),
                    INFO=1,
                    MAILLAGE=mesh,
                    VERI_FORMULATION_IFS='OUI',
                    VERI_JACOBIEN='OUI',
                    VERI_NORM_IFS='OUI',
                    VERI_PLAN='OUI')

Sur les 1 mailles du maillage 00000001, on a demandé l'affectation de 1, on a pu en affecter 1.
Modélisation     Formulation      Type maille  Élément fini     Nombre
3D               _                TETRA10      MECA_TETRA10     1
#2      Calculs elementaires et assemblages               CPU (USER+SYST/SYST/ELAPS):      0.00      0.00      0.00
# Résultat commande #0003 (AFFE_MODELE): model ('<00000002>') de type <Model>
# Mémoire (Mo) :   767.56 /   767.56 /   212.46 /   200.66 (VmPeak / VmSize / Optimum / Minimum)
# Fin commande #0003   user+syst:        0.00s (syst:        0.00s, elaps:        0.00s)
# ----------------------------------------------------------------------------------------------

.. _stg1_txt9
# ----------------------------------------------------------------------------------------------
# Commande #0004 de /work/TET10.comm, ligne 9
material = DEFI_MATERIAU(ELAS=_F(B_ENDOGE=0.0,
                                 COEF_AMOR=1.0,
                                 E=210000000000,
                                 K_DESSIC=0.0,
                                 NU=0.3),
                         INFO=1)

# Résultat commande #0004 (DEFI_MATERIAU): material ('<00000003>') de type <Material>
# Mémoire (Mo) :   768.14 /   768.14 /   212.46 /   200.66 (VmPeak / VmSize / Optimum / Minimum)
# Fin commande #0004   user+syst:        0.06s (syst:        0.00s, elaps:        0.06s)
# ----------------------------------------------------------------------------------------------

.. _stg1_txt10
# ----------------------------------------------------------------------------------------------
# Commande #0005 de /work/TET10.comm, ligne 10
field = AFFE_MATERIAU(AFFE=_F(GROUP_MA='SOLID',
                              MATER=material),
                      INFO=1,
                      MAILLAGE=mesh)

# Résultat commande #0005 (AFFE_MATERIAU): field ('<00000004>') de type <MaterialField>
# Mémoire (Mo) :   768.14 /   768.14 /   212.46 /   200.66 (VmPeak / VmSize / Optimum / Minimum)
# Fin commande #0005   user+syst:        0.05s (syst:        0.00s, elaps:        0.05s)
# ----------------------------------------------------------------------------------------------

.. _stg1_txt11
# ----------------------------------------------------------------------------------------------
# Commande #0006 de /work/TET10.comm, ligne 11
boundary = AFFE_CHAR_MECA(DDL_IMPO=_F(DX=0.0,
                                      DY=0.0,
                                      DZ=0.0,
                                      GROUP_NO='ROOT'),
                          DOUBLE_LAGRANGE='OUI',
                          INFO=1,
                          MODELE=model,
                          SYNTAXE='NON',
                          VERI_AFFE='OUI',
                          VERI_NORM='OUI')

# Résultat commande #0006 (AFFE_CHAR_MECA): boundary ('<00000005>') de type <MechanicalLoadReal>
# Mémoire (Mo) :   768.14 /   768.14 /   212.46 /   200.66 (VmPeak / VmSize / Optimum / Minimum)
# Fin commande #0006   user+syst:        0.01s (syst:        0.00s, elaps:        0.00s)
# ----------------------------------------------------------------------------------------------

.. _stg1_txt12
# ----------------------------------------------------------------------------------------------
# Commande #0007 de /work/TET10.comm, ligne 12
force = AFFE_CHAR_MECA(DOUBLE_LAGRANGE='OUI',
                       FORCE_NODALE=_F(FZ=-1000,
                                       NOEUD='N2'),
                       INFO=1,
                       MODELE=model,
                       SYNTAXE='NON',
                       VERI_AFFE='OUI',
                       VERI_NORM='OUI')

# Résultat commande #0007 (AFFE_CHAR_MECA): force ('<00000006>') de type <MechanicalLoadReal>
# Mémoire (Mo) :   768.14 /   768.14 /   212.46 /   200.66 (VmPeak / VmSize / Optimum / Minimum)
# Fin commande #0007   user+syst:        0.00s (syst:        0.00s, elaps:        0.00s)
# ----------------------------------------------------------------------------------------------

.. _stg1_txt15
# ----------------------------------------------------------------------------------------------
# Commande #0008 de /work/TET10.comm, ligne 15
result = MECA_STATIQUE(CHAM_MATER=field,
                       EXCIT=(_F(CHARGE=boundary,
                                 TYPE_CHARGE='FIXE_CSTE'),
                              _F(CHARGE=force,
                                 TYPE_CHARGE='FIXE_CSTE')),
                       INFO=1,
                       INST=0.0,
                       MODELE=model,
                       OPTION='SIEF_ELGA',
                       SOLVEUR=_F(ACCELERATION='AUTO',
                                  ELIM_LAGR='LAGR2',
                                  GESTION_MEMOIRE='AUTO',
                                  LOW_RANK_SEUIL=0.0,
                                  MATR_DISTRIBUEE='NON',
                                  METHODE='MUMPS',
                                  NB_RHS=1,
                                  NPREC=8,
                                  PCENT_PIVOT=35,
                                  POSTTRAITEMENTS='AUTO',
                                  PRETRAITEMENTS='AUTO',
                                  REDUCTION_MPI=0,
                                  RENUM='AUTO',
                                  RESI_RELA=1e-06,
                                  STOP_SINGULIER='OUI',
                                  TYPE_RESOL='AUTO'))

Le système linéaire à résoudre a 66 degrés de liberté:
   - 30 sont des degrés de liberté physiques
     (ils sont portés par 10 noeuds du maillage)
   - 36 sont les couples de paramètres de Lagrange associés
     aux 18 relations linéaires dualisées.
La matrice est de taille 66 équations.
  Elle contient 627 termes non nuls si elle est symétrique et 1188 termes non nuls si elle n'est pas
symétrique.
  Soit un taux de remplissage de  27.273 %.
Champ stocké <DEPL> à l'instant  0.000000000000e+00 pour le numéro d'ordre 1
Champ stocké <SIEF_ELGA> à l'instant  0.000000000000e+00 pour le numéro d'ordre 1
# Résultat commande #0008 (MECA_STATIQUE): result ('<00000007>') de type <ElasticResult>
# Mémoire (Mo) :   770.77 /   768.14 /   212.46 /   200.66 (VmPeak / VmSize / Optimum / Minimum)
# Fin commande #0008   user+syst:        0.12s (syst:        0.01s, elaps:        0.12s)
# ----------------------------------------------------------------------------------------------

.. _stg1_txt183
# ----------------------------------------------------------------------------------------------
# Commande #0009 de
/opt/spack/opt/spack/linux-zen/code-aster-18.1.0-owafurl325k3dbxls3s645zyfmvakxsg/lib/python3
11/site-packages/code_aster/Supervis/ExecuteCommand.py, ligne 183
CALC_CHAMP(CRITERE='RELATIF',
           FORCE='REAC_NODA',
           INFO=1,
           PARALLELISME_TEMPS='NON',
           PRECISION=1e-06,
           RESULTAT=result,
           reuse=result)

Le système linéaire à résoudre a 66 degrés de liberté:
   - 30 sont des degrés de liberté physiques
     (ils sont portés par 10 noeuds du maillage)
   - 36 sont les couples de paramètres de Lagrange associés
     aux 18 relations linéaires dualisées.
#2      Calculs elementaires et assemblages               CPU (USER+SYST/SYST/ELAPS):      0.01      0.00      0.00
# Résultat commande #0009 (CALC_CHAMP): result ('<00000007>') de type <ElasticResult>
# Mémoire (Mo) :   770.77 /   768.14 /   212.46 /   200.66 (VmPeak / VmSize / Optimum / Minimum)
# Fin commande #0009   user+syst:        0.01s (syst:        0.00s, elaps:        0.01s)
# ----------------------------------------------------------------------------------------------

.. _stg1_txt76
# ----------------------------------------------------------------------------------------------
# Commande #0010 de
/opt/spack/opt/spack/linux-zen/code-aster-18.1.0-owafurl325k3dbxls3s645zyfmvakxsg/lib/python3
11/site-packages/code_aster/CodeCommands/fin.py, ligne 76
FIN(INFO_RESU='NON',
    RETASSAGE='NON')

No database in results, objects not saved on processor #0

 ╔================================================================================================╗
 ║ <I> <CATAMESS_89>                                                                              ║
 ║                                                                                                ║
 ║ Liste des alarmes émises lors de l'exécution du calcul.                                        ║
 ║                                                                                                ║
 ║     Les alarmes que vous avez choisies d'ignorer sont précédées de (*).                        ║
 ║     Nombre d'occurrences pour chacune des alarmes :                                            ║
 ║            aucune alarme                                                                       ║
 ╚================================================================================================╝

<I> <FIN> ARRET NORMAL DANS "FIN" PAR APPEL A "JEFINI".
  
 <I> <FIN> MEMOIRE JEVEUX MINIMALE REQUISE POUR L'EXECUTION :                     200.66 Mo
 <I> <FIN> MEMOIRE JEVEUX OPTIMALE REQUISE POUR L'EXECUTION :                     212.46 Mo
 <I> <FIN> MAXIMUM DE MEMOIRE UTILISEE PAR LE PROCESSUS LORS DE L'EXECUTION :     776.93 Mo
  
 <I>       FERMETURE DES BASES EFFECTUEE
  
   STATISTIQUES CONCERNANT L'ALLOCATION DYNAMIQUE :
     TAILLE CUMULEE MAXIMUM            :                  212  Mo.
     TAILLE CUMULEE LIBEREE            :                    2  Mo.
     NOMBRE TOTAL D'ALLOCATIONS        :                 9434
     NOMBRE TOTAL DE LIBERATIONS       :                 8950
     APPELS AU MECANISME DE LIBERATION :                    0
     TAILLE MEMOIRE CUMULEE RECUPEREE  :                    0  Mo.
     VOLUME DES LECTURES               :                    0  Mo.
     VOLUME DES ECRITURES              :                    0  Mo.
  
   MEMOIRE JEVEUX MINIMALE REQUISE POUR L'EXECUTION :     200.66 Mo
     - IMPOSE DE NOMBREUX ACCES DISQUE
     - RALENTIT LA VITESSE D'EXECUTION
   MEMOIRE JEVEUX OPTIMALE REQUISE POUR L'EXECUTION :     212.46 Mo
     - LIMITE LES ACCES DISQUE
     - AMELIORE LA VITESSE D'EXECUTION
   MAXIMUM DE MEMOIRE UTILISEE PAR LE PROCESSUS     :     776.93 Mo
     - COMPREND LA MEMOIRE CONSOMMEE PAR  JEVEUX, 
       LE SUPERVISEUR PYTHON, LES LIBRAIRIES EXTERNES
  
 <I>       FIN D'EXECUTION LE : ME-23-SEPT-2026 08:35:52
INFO './glob.1' deleted
Deleting './glob.2': No such file or directory
INFO './vola.1' deleted
Deleting './vola.2': No such file or directory

 ********************************************************************************
 * COMMAND                  :       USER :     SYSTEM :   USER+SYS :    ELAPSED *
 ********************************************************************************
 * DEBUT                    :       0.04 :       0.20 :       0.24 :       0.24 *
 * LIRE_MAILLAGE            :       0.00 :       0.00 :       0.00 :       0.01 *
 * AFFE_MODELE              :       0.00 :       0.00 :       0.00 :       0.00 *
 * DEFI_MATERIAU            :       0.06 :       0.00 :       0.06 :       0.06 *
 * AFFE_MATERIAU            :       0.05 :       0.00 :       0.05 :       0.05 *
 * AFFE_CHAR_MECA           :       0.01 :       0.00 :       0.01 :       0.00 *
 * AFFE_CHAR_MECA           :       0.00 :       0.00 :       0.00 :       0.00 *
 * MECA_STATIQUE            :       0.12 :       0.01 :       0.13 :       0.12 *
 * CALC_CHAMP               :       0.01 :       0.00 :       0.01 :       0.01 *
 * FIN                      :       0.07 :       0.00 :       0.07 :       0.07 *
 *  . sdveri                :       0.00 :       0.00 :       0.00 :       0.00 *
 *  . check syntax          :       0.01 :       0.00 :       0.01 :       0.00 *
 *  . fortran               :       0.13 :       0.20 :       0.33 :       0.32 *
 *  . cleanup               :       0.15 :       0.00 :       0.15 :       0.16 *
 ********************************************************************************
 * TOTAL_JOB                :       0.42 :       0.23 :       0.65 :       0.66 *
 ********************************************************************************

# Mémoire (Mo) :   776.93 /   776.93 /   212.46 /   200.66 (VmPeak / VmSize / Optimum / Minimum)
# Fin commande #0010   user+syst:        0.07s (syst:        0.00s, elaps:        0.07s)
# ----------------------------------------------------------------------------------------------
End of the Code_Aster execution
Code_Aster MPI exits normally
Exited

EXECUTION_CODE_ASTER_EXIT_17=0


execution ended (command file #1): OK

# ------------------------------------------------------------------------------
Content of /tmp/run_aster_94mgz0wc/proc.0 after execution:
.:
total 48
-rw-r--r-- 1 user user   286 Sep 23 08:35 17.export
drwxr-xr-x 2 user user  4096 Sep 23 08:35 REPE_IN
drwxr-xr-x 2 user user  4096 Sep 23 08:35 REPE_OUT
-rw-r--r-- 1 user user  5599 Sep 23 08:35 fort.15
-rwxrwxrwx 1 user user   686 Sep 23 08:35 fort.20
-rw-r--r-- 1 user user 20808 Sep 23 08:35 fort.6
-rw-r--r-- 1 user user     0 Sep 23 08:35 fort.8
-rw-r--r-- 1 user user     0 Sep 23 08:35 fort.9

REPE_OUT:
total 0


# ------------------------------------------------------------------------------
Copying results
copying (shutil) 'fort.6' to '/work/TET10.mess'...
copying (shutil) 'fort.8' to '/work/TET10.resu'...

# ------------------------------------------------------------------------------
Execution summary
                                      cpu     system    cpu+sys    elapsed
--------------------------------------------------------------------------------
Preparation of environment           0.00       0.00       0.00       0.00
Execution of code_aster              1.43       0.52       1.95       2.14
Copying results                      0.00       0.01       0.01       0.02
--------------------------------------------------------------------------------
Total                                1.43       0.53       1.96       2.16
--------------------------------------------------------------------------------

------------------------------------------------------------
--- DIAGNOSTIC JOB : OK
------------------------------------------------------------

